[0.227s] Invoking command in '/home/cav330/f1tenth_ws/build/ackermann_mux': CMAKE_PREFIX_PATH=${CMAKE_PREFIX_PATH}:/home/cav330/f1tenth_ws/install/f1tenth_stack:/home/cav330/f1tenth_ws/install/joy_teleop:/home/cav330/f1tenth_ws/install/mouse_teleop:/home/cav330/f1tenth_ws/install/key_teleop:/home/cav330/f1tenth_ws/install/f1tenth_gym_ros:/opt/ros/foxy /usr/bin/cmake --build /home/cav330/f1tenth_ws/build/ackermann_mux -- -j4 -l4
[2.242s] [100%] Built target ackermann_mux
[2.326s] Invoked command in '/home/cav330/f1tenth_ws/build/ackermann_mux' returned '0': CMAKE_PREFIX_PATH=${CMAKE_PREFIX_PATH}:/home/cav330/f1tenth_ws/install/f1tenth_stack:/home/cav330/f1tenth_ws/install/joy_teleop:/home/cav330/f1tenth_ws/install/mouse_teleop:/home/cav330/f1tenth_ws/install/key_teleop:/home/cav330/f1tenth_ws/install/f1tenth_gym_ros:/opt/ros/foxy /usr/bin/cmake --build /home/cav330/f1tenth_ws/build/ackermann_mux -- -j4 -l4
[2.424s] Invoking command in '/home/cav330/f1tenth_ws/build/ackermann_mux': CMAKE_PREFIX_PATH=${CMAKE_PREFIX_PATH}:/home/cav330/f1tenth_ws/install/f1tenth_stack:/home/cav330/f1tenth_ws/install/joy_teleop:/home/cav330/f1tenth_ws/install/mouse_teleop:/home/cav330/f1tenth_ws/install/key_teleop:/home/cav330/f1tenth_ws/install/f1tenth_gym_ros:/opt/ros/foxy /usr/bin/cmake --install /home/cav330/f1tenth_ws/build/ackermann_mux
[2.506s] -- Install configuration: ""
[2.508s] -- Up-to-date: /home/cav330/f1tenth_ws/install/ackermann_mux/lib/ackermann_mux/ackermann_mux
[2.510s] -- Up-to-date: /home/cav330/f1tenth_ws/install/ackermann_mux/share/ackermann_mux/launch
[2.511s] -- Up-to-date: /home/cav330/f1tenth_ws/install/ackermann_mux/share/ackermann_mux/launch/ackermann_mux_launch.py
[2.512s] -- Up-to-date: /home/cav330/f1tenth_ws/install/ackermann_mux/share/ackermann_mux/config
[2.514s] -- Up-to-date: /home/cav330/f1tenth_ws/install/ackermann_mux/share/ackermann_mux/config/ackermann_mux_locks.yaml
[2.514s] -- Up-to-date: /home/cav330/f1tenth_ws/install/ackermann_mux/share/ackermann_mux/config/ackermann_mux_topics.yaml
[2.515s] -- Up-to-date: /home/cav330/f1tenth_ws/install/ackermann_mux/share/ackermann_mux/config/joystick.yaml
[2.515s] -- Up-to-date: /home/cav330/f1tenth_ws/install/ackermann_mux/include
[2.515s] -- Up-to-date: /home/cav330/f1tenth_ws/install/ackermann_mux/include/ackermann_mux
[2.516s] -- Up-to-date: /home/cav330/f1tenth_ws/install/ackermann_mux/include/ackermann_mux/topic_handle.hpp
[2.517s] -- Up-to-date: /home/cav330/f1tenth_ws/install/ackermann_mux/include/ackermann_mux/params_helpers.hpp
[2.517s] -- Up-to-date: /home/cav330/f1tenth_ws/install/ackermann_mux/include/ackermann_mux/utils.hpp
[2.518s] -- Up-to-date: /home/cav330/f1tenth_ws/install/ackermann_mux/include/ackermann_mux/ackermann_mux_diagnostics.hpp
[2.519s] -- Up-to-date: /home/cav330/f1tenth_ws/install/ackermann_mux/include/ackermann_mux/ackermann_mux_diagnostics_status.hpp
[2.519s] -- Up-to-date: /home/cav330/f1tenth_ws/install/ackermann_mux/include/ackermann_mux/ackermann_mux.hpp
[2.520s] -- Up-to-date: /home/cav330/f1tenth_ws/install/ackermann_mux/share/ament_index/resource_index/package_run_dependencies/ackermann_mux
[2.520s] -- Up-to-date: /home/cav330/f1tenth_ws/install/ackermann_mux/share/ament_index/resource_index/parent_prefix_path/ackermann_mux
[2.520s] -- Up-to-date: /home/cav330/f1tenth_ws/install/ackermann_mux/share/ackermann_mux/environment/ament_prefix_path.sh
[2.521s] -- Up-to-date: /home/cav330/f1tenth_ws/install/ackermann_mux/share/ackermann_mux/environment/ament_prefix_path.dsv
[2.521s] -- Up-to-date: /home/cav330/f1tenth_ws/install/ackermann_mux/share/ackermann_mux/environment/path.sh
[2.521s] -- Up-to-date: /home/cav330/f1tenth_ws/install/ackermann_mux/share/ackermann_mux/environment/path.dsv
[2.522s] -- Up-to-date: /home/cav330/f1tenth_ws/install/ackermann_mux/share/ackermann_mux/local_setup.bash
[2.523s] -- Up-to-date: /home/cav330/f1tenth_ws/install/ackermann_mux/share/ackermann_mux/local_setup.sh
[2.531s] -- Up-to-date: /home/cav330/f1tenth_ws/install/ackermann_mux/share/ackermann_mux/local_setup.zsh
[2.534s] -- Up-to-date: /home/cav330/f1tenth_ws/install/ackermann_mux/share/ackermann_mux/local_setup.dsv
[2.535s] -- Installing: /home/cav330/f1tenth_ws/install/ackermann_mux/share/ackermann_mux/package.dsv
[2.535s] -- Up-to-date: /home/cav330/f1tenth_ws/install/ackermann_mux/share/ament_index/resource_index/packages/ackermann_mux
[2.537s] -- Up-to-date: /home/cav330/f1tenth_ws/install/ackermann_mux/share/ackermann_mux/cmake/ament_cmake_export_include_directories-extras.cmake
[2.537s] -- Up-to-date: /home/cav330/f1tenth_ws/install/ackermann_mux/share/ackermann_mux/cmake/ament_cmake_export_dependencies-extras.cmake
[2.538s] -- Up-to-date: /home/cav330/f1tenth_ws/install/ackermann_mux/share/ackermann_mux/cmake/ackermann_muxConfig.cmake
[2.538s] -- Up-to-date: /home/cav330/f1tenth_ws/install/ackermann_mux/share/ackermann_mux/cmake/ackermann_muxConfig-version.cmake
[2.538s] -- Up-to-date: /home/cav330/f1tenth_ws/install/ackermann_mux/share/ackermann_mux/package.xml
[2.556s] Invoked command in '/home/cav330/f1tenth_ws/build/ackermann_mux' returned '0': CMAKE_PREFIX_PATH=${CMAKE_PREFIX_PATH}:/home/cav330/f1tenth_ws/install/f1tenth_stack:/home/cav330/f1tenth_ws/install/joy_teleop:/home/cav330/f1tenth_ws/install/mouse_teleop:/home/cav330/f1tenth_ws/install/key_teleop:/home/cav330/f1tenth_ws/install/f1tenth_gym_ros:/opt/ros/foxy /usr/bin/cmake --install /home/cav330/f1tenth_ws/build/ackermann_mux
