[4.563s] Invoking command in '/home/cav330/f1tenth_ws/src/f1tenth_system/teleop_tools/key_teleop': PYTHONPATH=/home/cav330/f1tenth_ws/build/key_teleop/prefix_override:/usr/lib/python3/dist-packages/colcon_core/task/python/colcon_distutils_commands:/home/cav330/f1tenth_ws/install/key_teleop/lib/python3.8/site-packages:${PYTHONPATH} /usr/bin/python3 -W ignore:setup.py install is deprecated -W ignore:easy_install command is deprecated setup.py egg_info --egg-base ../../../../build/key_teleop build --build-base /home/cav330/f1tenth_ws/build/key_teleop/build install --record /home/cav330/f1tenth_ws/build/key_teleop/install.log --install-scripts $base/lib/key_teleop --single-version-externally-managed install_data
[5.835s] running egg_info
[5.837s] writing ../../../../build/key_teleop/key_teleop.egg-info/PKG-INFO
[5.838s] writing dependency_links to ../../../../build/key_teleop/key_teleop.egg-info/dependency_links.txt
[5.848s] writing entry points to ../../../../build/key_teleop/key_teleop.egg-info/entry_points.txt
[5.849s] writing requirements to ../../../../build/key_teleop/key_teleop.egg-info/requires.txt
[5.850s] writing top-level names to ../../../../build/key_teleop/key_teleop.egg-info/top_level.txt
[6.020s] reading manifest file '../../../../build/key_teleop/key_teleop.egg-info/SOURCES.txt'
[6.024s] writing manifest file '../../../../build/key_teleop/key_teleop.egg-info/SOURCES.txt'
[6.024s] running build
[6.025s] running build_py
[6.026s] running install
[6.030s] running install_lib
[6.037s] running install_data
[6.037s] running install_egg_info
[6.046s] removing '/home/cav330/f1tenth_ws/install/key_teleop/lib/python3.8/site-packages/key_teleop-0.3.0-py3.8.egg-info' (and everything under it)
[6.047s] Copying ../../../../build/key_teleop/key_teleop.egg-info to /home/cav330/f1tenth_ws/install/key_teleop/lib/python3.8/site-packages/key_teleop-0.3.0-py3.8.egg-info
[6.054s] running install_scripts
[6.177s] Installing key_teleop script to /home/cav330/f1tenth_ws/install/key_teleop/lib/key_teleop
[6.183s] writing list of installed files to '/home/cav330/f1tenth_ws/build/key_teleop/install.log'
[6.376s] Invoked command in '/home/cav330/f1tenth_ws/src/f1tenth_system/teleop_tools/key_teleop' returned '0': PYTHONPATH=/home/cav330/f1tenth_ws/build/key_teleop/prefix_override:/usr/lib/python3/dist-packages/colcon_core/task/python/colcon_distutils_commands:/home/cav330/f1tenth_ws/install/key_teleop/lib/python3.8/site-packages:${PYTHONPATH} /usr/bin/python3 -W ignore:setup.py install is deprecated -W ignore:easy_install command is deprecated setup.py egg_info --egg-base ../../../../build/key_teleop build --build-base /home/cav330/f1tenth_ws/build/key_teleop/build install --record /home/cav330/f1tenth_ws/build/key_teleop/install.log --install-scripts $base/lib/key_teleop --single-version-externally-managed install_data
