[0.289s] Invoking command in '/home/cav330/f1tenth_ws/build/vesc_driver': AMENT_PREFIX_PATH=/home/cav330/f1tenth_ws/install/vesc_msgs CMAKE_PREFIX_PATH=/home/cav330/f1tenth_ws/install/vesc_msgs LD_LIBRARY_PATH=/home/cav330/f1tenth_ws/install/vesc_msgs/lib:/usr/local/cuda-11.4/lib64 NX_CONNECTION=192.168.33.135 52858 192.168.33.130 4000 PYTHONPATH=/home/cav330/f1tenth_ws/install/vesc_msgs/lib/python3.8/site-packages /usr/bin/cmake --build /home/cav330/f1tenth_ws/build/vesc_driver -- -j4 -l4
[0.937s] [ 20%] Built target vesc_driver_node
[0.974s] [ 70%] Built target vesc_driver
[1.180s] [100%] Built target vesc_device_namer
[2.964s] Invoked command in '/home/cav330/f1tenth_ws/build/vesc_driver' returned '0': AMENT_PREFIX_PATH=/home/cav330/f1tenth_ws/install/vesc_msgs CMAKE_PREFIX_PATH=/home/cav330/f1tenth_ws/install/vesc_msgs LD_LIBRARY_PATH=/home/cav330/f1tenth_ws/install/vesc_msgs/lib:/usr/local/cuda-11.4/lib64 NX_CONNECTION=192.168.33.135 52858 192.168.33.130 4000 PYTHONPATH=/home/cav330/f1tenth_ws/install/vesc_msgs/lib/python3.8/site-packages /usr/bin/cmake --build /home/cav330/f1tenth_ws/build/vesc_driver -- -j4 -l4
[2.986s] Invoking command in '/home/cav330/f1tenth_ws/build/vesc_driver': AMENT_PREFIX_PATH=/home/cav330/f1tenth_ws/install/vesc_msgs CMAKE_PREFIX_PATH=/home/cav330/f1tenth_ws/install/vesc_msgs LD_LIBRARY_PATH=/home/cav330/f1tenth_ws/install/vesc_msgs/lib:/usr/local/cuda-11.4/lib64 NX_CONNECTION=192.168.33.135 52858 192.168.33.130 4000 PYTHONPATH=/home/cav330/f1tenth_ws/install/vesc_msgs/lib/python3.8/site-packages /usr/bin/cmake --install /home/cav330/f1tenth_ws/build/vesc_driver
[3.096s] -- Install configuration: ""
[3.097s] -- Up-to-date: /home/cav330/f1tenth_ws/install/vesc_driver/lib/vesc_driver/vesc_driver_node
[3.103s] -- Up-to-date: /home/cav330/f1tenth_ws/install/vesc_driver/include
[3.104s] -- Up-to-date: /home/cav330/f1tenth_ws/install/vesc_driver/include/vesc_driver
[3.104s] -- Up-to-date: /home/cav330/f1tenth_ws/install/vesc_driver/include/vesc_driver/vesc_driver.hpp
[3.105s] -- Up-to-date: /home/cav330/f1tenth_ws/install/vesc_driver/include/vesc_driver/crc.hpp
[3.119s] -- Up-to-date: /home/cav330/f1tenth_ws/install/vesc_driver/include/vesc_driver/vesc_packet_factory.hpp
[3.120s] -- Up-to-date: /home/cav330/f1tenth_ws/install/vesc_driver/include/vesc_driver/datatypes.hpp
[3.122s] -- Up-to-date: /home/cav330/f1tenth_ws/install/vesc_driver/include/vesc_driver/vesc_interface.hpp
[3.123s] -- Up-to-date: /home/cav330/f1tenth_ws/install/vesc_driver/include/vesc_driver/vesc_device_uuid_lookup.hpp
[3.124s] -- Up-to-date: /home/cav330/f1tenth_ws/install/vesc_driver/include/vesc_driver/vesc_packet.hpp
[3.124s] -- Up-to-date: /home/cav330/f1tenth_ws/install/vesc_driver/share/vesc_driver/environment/library_path.sh
[3.124s] -- Up-to-date: /home/cav330/f1tenth_ws/install/vesc_driver/share/vesc_driver/environment/library_path.dsv
[3.125s] -- Up-to-date: /home/cav330/f1tenth_ws/install/vesc_driver/lib/libvesc_driver.so
[3.154s] -- Up-to-date: /home/cav330/f1tenth_ws/install/vesc_driver/lib/vesc_driver/vesc_device_namer
[3.157s] -- Up-to-date: /home/cav330/f1tenth_ws/install/vesc_driver/share/vesc_driver/launch
[3.158s] -- Up-to-date: /home/cav330/f1tenth_ws/install/vesc_driver/share/vesc_driver/launch/vesc_driver_node.launch.py
[3.159s] -- Up-to-date: /home/cav330/f1tenth_ws/install/vesc_driver/share/vesc_driver/params
[3.159s] -- Up-to-date: /home/cav330/f1tenth_ws/install/vesc_driver/share/vesc_driver/params/vesc_config.yaml
[3.160s] -- Up-to-date: /home/cav330/f1tenth_ws/install/vesc_driver/share/ament_index/resource_index/package_run_dependencies/vesc_driver
[3.160s] -- Up-to-date: /home/cav330/f1tenth_ws/install/vesc_driver/share/ament_index/resource_index/parent_prefix_path/vesc_driver
[3.160s] -- Up-to-date: /home/cav330/f1tenth_ws/install/vesc_driver/share/vesc_driver/environment/ament_prefix_path.sh
[3.161s] -- Up-to-date: /home/cav330/f1tenth_ws/install/vesc_driver/share/vesc_driver/environment/ament_prefix_path.dsv
[3.165s] -- Up-to-date: /home/cav330/f1tenth_ws/install/vesc_driver/share/vesc_driver/environment/path.sh
[3.165s] -- Up-to-date: /home/cav330/f1tenth_ws/install/vesc_driver/share/vesc_driver/environment/path.dsv
[3.167s] -- Up-to-date: /home/cav330/f1tenth_ws/install/vesc_driver/share/vesc_driver/local_setup.bash
[3.167s] -- Up-to-date: /home/cav330/f1tenth_ws/install/vesc_driver/share/vesc_driver/local_setup.sh
[3.169s] -- Up-to-date: /home/cav330/f1tenth_ws/install/vesc_driver/share/vesc_driver/local_setup.zsh
[3.200s] -- Up-to-date: /home/cav330/f1tenth_ws/install/vesc_driver/share/vesc_driver/local_setup.dsv
[3.200s] -- Installing: /home/cav330/f1tenth_ws/install/vesc_driver/share/vesc_driver/package.dsv
[3.201s] -- Up-to-date: /home/cav330/f1tenth_ws/install/vesc_driver/share/ament_index/resource_index/packages/vesc_driver
[3.201s] -- Up-to-date: /home/cav330/f1tenth_ws/install/vesc_driver/share/ament_index/resource_index/rclcpp_components/vesc_driver
[3.202s] -- Up-to-date: /home/cav330/f1tenth_ws/install/vesc_driver/share/vesc_driver/cmake/ament_cmake_export_dependencies-extras.cmake
[3.202s] -- Up-to-date: /home/cav330/f1tenth_ws/install/vesc_driver/share/vesc_driver/cmake/ament_cmake_export_include_directories-extras.cmake
[3.203s] -- Up-to-date: /home/cav330/f1tenth_ws/install/vesc_driver/share/vesc_driver/cmake/ament_cmake_export_libraries-extras.cmake
[3.203s] -- Up-to-date: /home/cav330/f1tenth_ws/install/vesc_driver/share/vesc_driver/cmake/vesc_driverConfig.cmake
[3.204s] -- Up-to-date: /home/cav330/f1tenth_ws/install/vesc_driver/share/vesc_driver/cmake/vesc_driverConfig-version.cmake
[3.204s] -- Up-to-date: /home/cav330/f1tenth_ws/install/vesc_driver/share/vesc_driver/package.xml
[3.319s] Invoked command in '/home/cav330/f1tenth_ws/build/vesc_driver' returned '0': AMENT_PREFIX_PATH=/home/cav330/f1tenth_ws/install/vesc_msgs CMAKE_PREFIX_PATH=/home/cav330/f1tenth_ws/install/vesc_msgs LD_LIBRARY_PATH=/home/cav330/f1tenth_ws/install/vesc_msgs/lib:/usr/local/cuda-11.4/lib64 NX_CONNECTION=192.168.33.135 52858 192.168.33.130 4000 PYTHONPATH=/home/cav330/f1tenth_ws/install/vesc_msgs/lib/python3.8/site-packages /usr/bin/cmake --install /home/cav330/f1tenth_ws/build/vesc_driver
