[0.230s] Invoking command in '/home/cav330/f1tenth_ws/build/ackermann_mux': CMAKE_PREFIX_PATH=${CMAKE_PREFIX_PATH}:/home/cav330/f1tenth_ws/install/f1tenth_stack:/home/cav330/f1tenth_ws/install/joy_teleop:/home/cav330/f1tenth_ws/install/mouse_teleop:/home/cav330/f1tenth_ws/install/key_teleop:/home/cav330/f1tenth_ws/install/f1tenth_gym_ros:/opt/ros/foxy /usr/bin/cmake --build /home/cav330/f1tenth_ws/build/ackermann_mux -- -j4 -l4
[0.964s] [100%] Built target ackermann_mux
[2.229s] Invoked command in '/home/cav330/f1tenth_ws/build/ackermann_mux' returned '0': CMAKE_PREFIX_PATH=${CMAKE_PREFIX_PATH}:/home/cav330/f1tenth_ws/install/f1tenth_stack:/home/cav330/f1tenth_ws/install/joy_teleop:/home/cav330/f1tenth_ws/install/mouse_teleop:/home/cav330/f1tenth_ws/install/key_teleop:/home/cav330/f1tenth_ws/install/f1tenth_gym_ros:/opt/ros/foxy /usr/bin/cmake --build /home/cav330/f1tenth_ws/build/ackermann_mux -- -j4 -l4
[2.342s] Invoking command in '/home/cav330/f1tenth_ws/build/ackermann_mux': CMAKE_PREFIX_PATH=${CMAKE_PREFIX_PATH}:/home/cav330/f1tenth_ws/install/f1tenth_stack:/home/cav330/f1tenth_ws/install/joy_teleop:/home/cav330/f1tenth_ws/install/mouse_teleop:/home/cav330/f1tenth_ws/install/key_teleop:/home/cav330/f1tenth_ws/install/f1tenth_gym_ros:/opt/ros/foxy /usr/bin/cmake --install /home/cav330/f1tenth_ws/build/ackermann_mux
[2.419s] -- Install configuration: ""
[2.421s] -- Up-to-date: /home/cav330/f1tenth_ws/install/ackermann_mux/lib/ackermann_mux/ackermann_mux
[2.421s] -- Up-to-date: /home/cav330/f1tenth_ws/install/ackermann_mux/share/ackermann_mux/launch
[2.423s] -- Up-to-date: /home/cav330/f1tenth_ws/install/ackermann_mux/share/ackermann_mux/launch/ackermann_mux_launch.py
[2.424s] -- Up-to-date: /home/cav330/f1tenth_ws/install/ackermann_mux/share/ackermann_mux/config
[2.425s] -- Up-to-date: /home/cav330/f1tenth_ws/install/ackermann_mux/share/ackermann_mux/config/ackermann_mux_locks.yaml
[2.425s] -- Up-to-date: /home/cav330/f1tenth_ws/install/ackermann_mux/share/ackermann_mux/config/ackermann_mux_topics.yaml
[2.426s] -- Up-to-date: /home/cav330/f1tenth_ws/install/ackermann_mux/share/ackermann_mux/config/joystick.yaml
[2.427s] -- Up-to-date: /home/cav330/f1tenth_ws/install/ackermann_mux/include
[2.427s] -- Up-to-date: /home/cav330/f1tenth_ws/install/ackermann_mux/include/ackermann_mux
[2.428s] -- Up-to-date: /home/cav330/f1tenth_ws/install/ackermann_mux/include/ackermann_mux/topic_handle.hpp
[2.428s] -- Up-to-date: /home/cav330/f1tenth_ws/install/ackermann_mux/include/ackermann_mux/params_helpers.hpp
[2.429s] -- Up-to-date: /home/cav330/f1tenth_ws/install/ackermann_mux/include/ackermann_mux/utils.hpp
[2.429s] -- Up-to-date: /home/cav330/f1tenth_ws/install/ackermann_mux/include/ackermann_mux/ackermann_mux_diagnostics.hpp
[2.430s] -- Up-to-date: /home/cav330/f1tenth_ws/install/ackermann_mux/include/ackermann_mux/ackermann_mux_diagnostics_status.hpp
[2.430s] -- Up-to-date: /home/cav330/f1tenth_ws/install/ackermann_mux/include/ackermann_mux/ackermann_mux.hpp
[2.431s] -- Up-to-date: /home/cav330/f1tenth_ws/install/ackermann_mux/share/ament_index/resource_index/package_run_dependencies/ackermann_mux
[2.431s] -- Up-to-date: /home/cav330/f1tenth_ws/install/ackermann_mux/share/ament_index/resource_index/parent_prefix_path/ackermann_mux
[2.432s] -- Up-to-date: /home/cav330/f1tenth_ws/install/ackermann_mux/share/ackermann_mux/environment/ament_prefix_path.sh
[2.432s] -- Up-to-date: /home/cav330/f1tenth_ws/install/ackermann_mux/share/ackermann_mux/environment/ament_prefix_path.dsv
[2.432s] -- Up-to-date: /home/cav330/f1tenth_ws/install/ackermann_mux/share/ackermann_mux/environment/path.sh
[2.433s] -- Up-to-date: /home/cav330/f1tenth_ws/install/ackermann_mux/share/ackermann_mux/environment/path.dsv
[2.433s] -- Up-to-date: /home/cav330/f1tenth_ws/install/ackermann_mux/share/ackermann_mux/local_setup.bash
[2.433s] -- Up-to-date: /home/cav330/f1tenth_ws/install/ackermann_mux/share/ackermann_mux/local_setup.sh
[2.434s] -- Up-to-date: /home/cav330/f1tenth_ws/install/ackermann_mux/share/ackermann_mux/local_setup.zsh
[2.434s] -- Up-to-date: /home/cav330/f1tenth_ws/install/ackermann_mux/share/ackermann_mux/local_setup.dsv
[2.435s] -- Installing: /home/cav330/f1tenth_ws/install/ackermann_mux/share/ackermann_mux/package.dsv
[2.435s] -- Up-to-date: /home/cav330/f1tenth_ws/install/ackermann_mux/share/ament_index/resource_index/packages/ackermann_mux
[2.436s] -- Up-to-date: /home/cav330/f1tenth_ws/install/ackermann_mux/share/ackermann_mux/cmake/ament_cmake_export_include_directories-extras.cmake
[2.436s] -- Up-to-date: /home/cav330/f1tenth_ws/install/ackermann_mux/share/ackermann_mux/cmake/ament_cmake_export_dependencies-extras.cmake
[2.461s] -- Up-to-date: /home/cav330/f1tenth_ws/install/ackermann_mux/share/ackermann_mux/cmake/ackermann_muxConfig.cmake
[2.464s] -- Up-to-date: /home/cav330/f1tenth_ws/install/ackermann_mux/share/ackermann_mux/cmake/ackermann_muxConfig-version.cmake
[2.465s] -- Up-to-date: /home/cav330/f1tenth_ws/install/ackermann_mux/share/ackermann_mux/package.xml
[2.487s] Invoked command in '/home/cav330/f1tenth_ws/build/ackermann_mux' returned '0': CMAKE_PREFIX_PATH=${CMAKE_PREFIX_PATH}:/home/cav330/f1tenth_ws/install/f1tenth_stack:/home/cav330/f1tenth_ws/install/joy_teleop:/home/cav330/f1tenth_ws/install/mouse_teleop:/home/cav330/f1tenth_ws/install/key_teleop:/home/cav330/f1tenth_ws/install/f1tenth_gym_ros:/opt/ros/foxy /usr/bin/cmake --install /home/cav330/f1tenth_ws/build/ackermann_mux
