[0.250s] Invoking command in '/home/cav330/f1tenth_ws/build/vesc_msgs': CMAKE_PREFIX_PATH=${CMAKE_PREFIX_PATH}:/home/cav330/f1tenth_ws/install/f1tenth_stack:/home/cav330/f1tenth_ws/install/joy_teleop:/home/cav330/f1tenth_ws/install/mouse_teleop:/home/cav330/f1tenth_ws/install/key_teleop:/home/cav330/f1tenth_ws/install/f1tenth_gym_ros:/opt/ros/foxy NX_CONNECTION=192.168.33.135 50408 192.168.33.130 4000 /usr/bin/cmake --build /home/cav330/f1tenth_ws/build/vesc_msgs -- -j4 -l4
[2.210s] [ 10%] Built target vesc_msgs__rosidl_generator_c
[2.212s] [ 12%] Built target vesc_msgs__cpp
[2.212s] [ 23%] Built target vesc_msgs__rosidl_typesupport_c
[2.212s] [ 34%] Built target vesc_msgs__rosidl_typesupport_introspection_c
[2.213s] [ 45%] Built target vesc_msgs__rosidl_typesupport_fastrtps_cpp
[2.213s] [ 56%] Built target vesc_msgs__rosidl_typesupport_cpp
[2.213s] [ 67%] Built target vesc_msgs__rosidl_typesupport_introspection_cpp
[2.214s] [ 78%] Built target vesc_msgs__rosidl_typesupport_fastrtps_c
[2.214s] [ 78%] Built target vesc_msgs
[2.214s] [ 80%] Built target vesc_msgs__py
[2.215s] [ 89%] Built target vesc_msgs__python
[2.278s] [ 92%] Built target vesc_msgs__rosidl_typesupport_c__pyext
[2.297s] [ 96%] Built target vesc_msgs__rosidl_typesupport_fastrtps_c__pyext
[2.324s] [100%] Built target vesc_msgs__rosidl_typesupport_introspection_c__pyext
[2.411s] Invoked command in '/home/cav330/f1tenth_ws/build/vesc_msgs' returned '0': CMAKE_PREFIX_PATH=${CMAKE_PREFIX_PATH}:/home/cav330/f1tenth_ws/install/f1tenth_stack:/home/cav330/f1tenth_ws/install/joy_teleop:/home/cav330/f1tenth_ws/install/mouse_teleop:/home/cav330/f1tenth_ws/install/key_teleop:/home/cav330/f1tenth_ws/install/f1tenth_gym_ros:/opt/ros/foxy NX_CONNECTION=192.168.33.135 50408 192.168.33.130 4000 /usr/bin/cmake --build /home/cav330/f1tenth_ws/build/vesc_msgs -- -j4 -l4
[2.429s] Invoking command in '/home/cav330/f1tenth_ws/build/vesc_msgs': CMAKE_PREFIX_PATH=${CMAKE_PREFIX_PATH}:/home/cav330/f1tenth_ws/install/f1tenth_stack:/home/cav330/f1tenth_ws/install/joy_teleop:/home/cav330/f1tenth_ws/install/mouse_teleop:/home/cav330/f1tenth_ws/install/key_teleop:/home/cav330/f1tenth_ws/install/f1tenth_gym_ros:/opt/ros/foxy NX_CONNECTION=192.168.33.135 50408 192.168.33.130 4000 /usr/bin/cmake --install /home/cav330/f1tenth_ws/build/vesc_msgs
[2.525s] -- Install configuration: ""
[2.525s] -- Up-to-date: /home/cav330/f1tenth_ws/install/vesc_msgs/share/ament_index/resource_index/rosidl_interfaces/vesc_msgs
[2.526s] -- Up-to-date: /home/cav330/f1tenth_ws/install/vesc_msgs/include/vesc_msgs
[2.526s] -- Up-to-date: /home/cav330/f1tenth_ws/install/vesc_msgs/include/vesc_msgs/msg
[2.527s] -- Up-to-date: /home/cav330/f1tenth_ws/install/vesc_msgs/include/vesc_msgs/msg/vesc_state.h
[2.528s] -- Up-to-date: /home/cav330/f1tenth_ws/install/vesc_msgs/include/vesc_msgs/msg/vesc_state_stamped.h
[2.529s] -- Up-to-date: /home/cav330/f1tenth_ws/install/vesc_msgs/include/vesc_msgs/msg/rosidl_generator_c__visibility_control.h
[2.529s] -- Up-to-date: /home/cav330/f1tenth_ws/install/vesc_msgs/include/vesc_msgs/msg/vesc_imu_stamped.h
[2.529s] -- Up-to-date: /home/cav330/f1tenth_ws/install/vesc_msgs/include/vesc_msgs/msg/vesc_imu.h
[2.530s] -- Up-to-date: /home/cav330/f1tenth_ws/install/vesc_msgs/include/vesc_msgs/msg/detail
[2.531s] -- Up-to-date: /home/cav330/f1tenth_ws/install/vesc_msgs/include/vesc_msgs/msg/detail/vesc_imu_stamped__functions.c
[2.532s] -- Up-to-date: /home/cav330/f1tenth_ws/install/vesc_msgs/include/vesc_msgs/msg/detail/vesc_imu__functions.h
[2.533s] -- Up-to-date: /home/cav330/f1tenth_ws/install/vesc_msgs/include/vesc_msgs/msg/detail/vesc_state_stamped__type_support.h
[2.534s] -- Up-to-date: /home/cav330/f1tenth_ws/install/vesc_msgs/include/vesc_msgs/msg/detail/vesc_imu__struct.h
[2.535s] -- Up-to-date: /home/cav330/f1tenth_ws/install/vesc_msgs/include/vesc_msgs/msg/detail/vesc_state_stamped__functions.h
[2.535s] -- Up-to-date: /home/cav330/f1tenth_ws/install/vesc_msgs/include/vesc_msgs/msg/detail/vesc_imu__functions.c
[2.536s] -- Up-to-date: /home/cav330/f1tenth_ws/install/vesc_msgs/include/vesc_msgs/msg/detail/vesc_imu_stamped__type_support.h
[2.536s] -- Up-to-date: /home/cav330/f1tenth_ws/install/vesc_msgs/include/vesc_msgs/msg/detail/vesc_imu_stamped__struct.h
[2.536s] -- Up-to-date: /home/cav330/f1tenth_ws/install/vesc_msgs/include/vesc_msgs/msg/detail/vesc_state__functions.h
[2.537s] -- Up-to-date: /home/cav330/f1tenth_ws/install/vesc_msgs/include/vesc_msgs/msg/detail/vesc_imu_stamped__functions.h
[2.537s] -- Up-to-date: /home/cav330/f1tenth_ws/install/vesc_msgs/include/vesc_msgs/msg/detail/vesc_state__type_support.h
[2.537s] -- Up-to-date: /home/cav330/f1tenth_ws/install/vesc_msgs/include/vesc_msgs/msg/detail/vesc_imu__type_support.h
[2.538s] -- Up-to-date: /home/cav330/f1tenth_ws/install/vesc_msgs/include/vesc_msgs/msg/detail/vesc_state__struct.h
[2.538s] -- Up-to-date: /home/cav330/f1tenth_ws/install/vesc_msgs/include/vesc_msgs/msg/detail/vesc_state_stamped__struct.h
[2.538s] -- Up-to-date: /home/cav330/f1tenth_ws/install/vesc_msgs/include/vesc_msgs/msg/detail/vesc_state_stamped__functions.c
[2.539s] -- Up-to-date: /home/cav330/f1tenth_ws/install/vesc_msgs/include/vesc_msgs/msg/detail/vesc_state__functions.c
[2.543s] -- Up-to-date: /home/cav330/f1tenth_ws/install/vesc_msgs/share/vesc_msgs/environment/library_path.sh
[2.544s] -- Up-to-date: /home/cav330/f1tenth_ws/install/vesc_msgs/share/vesc_msgs/environment/library_path.dsv
[2.550s] -- Up-to-date: /home/cav330/f1tenth_ws/install/vesc_msgs/lib/libvesc_msgs__rosidl_generator_c.so
[2.550s] -- Up-to-date: /home/cav330/f1tenth_ws/install/vesc_msgs/include/vesc_msgs
[2.551s] -- Up-to-date: /home/cav330/f1tenth_ws/install/vesc_msgs/include/vesc_msgs/msg
[2.551s] -- Up-to-date: /home/cav330/f1tenth_ws/install/vesc_msgs/include/vesc_msgs/msg/rosidl_typesupport_fastrtps_c__visibility_control.h
[2.552s] -- Up-to-date: /home/cav330/f1tenth_ws/install/vesc_msgs/include/vesc_msgs/msg/detail
[2.552s] -- Up-to-date: /home/cav330/f1tenth_ws/install/vesc_msgs/include/vesc_msgs/msg/detail/vesc_state_stamped__rosidl_typesupport_fastrtps_c.h
[2.555s] -- Up-to-date: /home/cav330/f1tenth_ws/install/vesc_msgs/include/vesc_msgs/msg/detail/vesc_imu__rosidl_typesupport_fastrtps_c.h
[2.563s] -- Up-to-date: /home/cav330/f1tenth_ws/install/vesc_msgs/include/vesc_msgs/msg/detail/vesc_imu_stamped__rosidl_typesupport_fastrtps_c.h
[2.564s] -- Up-to-date: /home/cav330/f1tenth_ws/install/vesc_msgs/include/vesc_msgs/msg/detail/vesc_state__rosidl_typesupport_fastrtps_c.h
[2.564s] -- Up-to-date: /home/cav330/f1tenth_ws/install/vesc_msgs/lib/libvesc_msgs__rosidl_typesupport_fastrtps_c.so
[2.565s] -- Up-to-date: /home/cav330/f1tenth_ws/install/vesc_msgs/include/vesc_msgs
[2.565s] -- Up-to-date: /home/cav330/f1tenth_ws/install/vesc_msgs/include/vesc_msgs/msg
[2.565s] -- Up-to-date: /home/cav330/f1tenth_ws/install/vesc_msgs/include/vesc_msgs/msg/rosidl_typesupport_fastrtps_cpp__visibility_control.h
[2.566s] -- Up-to-date: /home/cav330/f1tenth_ws/install/vesc_msgs/include/vesc_msgs/msg/detail
[2.567s] -- Up-to-date: /home/cav330/f1tenth_ws/install/vesc_msgs/include/vesc_msgs/msg/detail/vesc_state_stamped__rosidl_typesupport_fastrtps_cpp.hpp
[2.567s] -- Up-to-date: /home/cav330/f1tenth_ws/install/vesc_msgs/include/vesc_msgs/msg/detail/vesc_imu_stamped__rosidl_typesupport_fastrtps_cpp.hpp
[2.567s] -- Up-to-date: /home/cav330/f1tenth_ws/install/vesc_msgs/include/vesc_msgs/msg/detail/dds_fastrtps
[2.568s] -- Up-to-date: /home/cav330/f1tenth_ws/install/vesc_msgs/include/vesc_msgs/msg/detail/vesc_imu__rosidl_typesupport_fastrtps_cpp.hpp
[2.570s] -- Up-to-date: /home/cav330/f1tenth_ws/install/vesc_msgs/include/vesc_msgs/msg/detail/vesc_state__rosidl_typesupport_fastrtps_cpp.hpp
[2.570s] -- Up-to-date: /home/cav330/f1tenth_ws/install/vesc_msgs/lib/libvesc_msgs__rosidl_typesupport_fastrtps_cpp.so
[2.571s] -- Up-to-date: /home/cav330/f1tenth_ws/install/vesc_msgs/include/vesc_msgs
[2.573s] -- Up-to-date: /home/cav330/f1tenth_ws/install/vesc_msgs/include/vesc_msgs/msg
[2.576s] -- Up-to-date: /home/cav330/f1tenth_ws/install/vesc_msgs/include/vesc_msgs/msg/rosidl_typesupport_introspection_c__visibility_control.h
[2.576s] -- Up-to-date: /home/cav330/f1tenth_ws/install/vesc_msgs/include/vesc_msgs/msg/detail
[2.577s] -- Up-to-date: /home/cav330/f1tenth_ws/install/vesc_msgs/include/vesc_msgs/msg/detail/vesc_imu__type_support.c
[2.580s] -- Up-to-date: /home/cav330/f1tenth_ws/install/vesc_msgs/include/vesc_msgs/msg/detail/vesc_imu_stamped__type_support.c
[2.580s] -- Up-to-date: /home/cav330/f1tenth_ws/install/vesc_msgs/include/vesc_msgs/msg/detail/vesc_imu_stamped__rosidl_typesupport_introspection_c.h
[2.582s] -- Up-to-date: /home/cav330/f1tenth_ws/install/vesc_msgs/include/vesc_msgs/msg/detail/vesc_state_stamped__rosidl_typesupport_introspection_c.h
[2.585s] -- Up-to-date: /home/cav330/f1tenth_ws/install/vesc_msgs/include/vesc_msgs/msg/detail/vesc_imu__rosidl_typesupport_introspection_c.h
[2.588s] -- Up-to-date: /home/cav330/f1tenth_ws/install/vesc_msgs/include/vesc_msgs/msg/detail/vesc_state_stamped__type_support.c
[2.588s] -- Up-to-date: /home/cav330/f1tenth_ws/install/vesc_msgs/include/vesc_msgs/msg/detail/vesc_state__rosidl_typesupport_introspection_c.h
[2.589s] -- Up-to-date: /home/cav330/f1tenth_ws/install/vesc_msgs/include/vesc_msgs/msg/detail/vesc_state__type_support.c
[2.590s] -- Up-to-date: /home/cav330/f1tenth_ws/install/vesc_msgs/lib/libvesc_msgs__rosidl_typesupport_introspection_c.so
[2.591s] -- Up-to-date: /home/cav330/f1tenth_ws/install/vesc_msgs/lib/libvesc_msgs__rosidl_typesupport_c.so
[2.592s] -- Up-to-date: /home/cav330/f1tenth_ws/install/vesc_msgs/include/vesc_msgs
[2.592s] -- Up-to-date: /home/cav330/f1tenth_ws/install/vesc_msgs/include/vesc_msgs/msg
[2.593s] -- Up-to-date: /home/cav330/f1tenth_ws/install/vesc_msgs/include/vesc_msgs/msg/vesc_imu.hpp
[2.593s] -- Up-to-date: /home/cav330/f1tenth_ws/install/vesc_msgs/include/vesc_msgs/msg/vesc_state_stamped.hpp
[2.603s] -- Up-to-date: /home/cav330/f1tenth_ws/install/vesc_msgs/include/vesc_msgs/msg/vesc_imu_stamped.hpp
[2.605s] -- Up-to-date: /home/cav330/f1tenth_ws/install/vesc_msgs/include/vesc_msgs/msg/vesc_state.hpp
[2.607s] -- Up-to-date: /home/cav330/f1tenth_ws/install/vesc_msgs/include/vesc_msgs/msg/rosidl_generator_cpp__visibility_control.hpp
[2.609s] -- Up-to-date: /home/cav330/f1tenth_ws/install/vesc_msgs/include/vesc_msgs/msg/detail
[2.611s] -- Up-to-date: /home/cav330/f1tenth_ws/install/vesc_msgs/include/vesc_msgs/msg/detail/vesc_state__builder.hpp
[2.613s] -- Up-to-date: /home/cav330/f1tenth_ws/install/vesc_msgs/include/vesc_msgs/msg/detail/vesc_state_stamped__struct.hpp
[2.614s] -- Up-to-date: /home/cav330/f1tenth_ws/install/vesc_msgs/include/vesc_msgs/msg/detail/vesc_imu_stamped__type_support.hpp
[2.616s] -- Up-to-date: /home/cav330/f1tenth_ws/install/vesc_msgs/include/vesc_msgs/msg/detail/vesc_state__type_support.hpp
[2.618s] -- Up-to-date: /home/cav330/f1tenth_ws/install/vesc_msgs/include/vesc_msgs/msg/detail/vesc_imu_stamped__traits.hpp
[2.620s] -- Up-to-date: /home/cav330/f1tenth_ws/install/vesc_msgs/include/vesc_msgs/msg/detail/vesc_imu_stamped__struct.hpp
[2.627s] -- Up-to-date: /home/cav330/f1tenth_ws/install/vesc_msgs/include/vesc_msgs/msg/detail/vesc_imu__traits.hpp
[2.628s] -- Up-to-date: /home/cav330/f1tenth_ws/install/vesc_msgs/include/vesc_msgs/msg/detail/vesc_imu_stamped__builder.hpp
[2.632s] -- Up-to-date: /home/cav330/f1tenth_ws/install/vesc_msgs/include/vesc_msgs/msg/detail/vesc_state_stamped__traits.hpp
[2.652s] -- Up-to-date: /home/cav330/f1tenth_ws/install/vesc_msgs/include/vesc_msgs/msg/detail/vesc_state_stamped__type_support.hpp
[2.657s] -- Up-to-date: /home/cav330/f1tenth_ws/install/vesc_msgs/include/vesc_msgs/msg/detail/vesc_state_stamped__builder.hpp
[2.659s] -- Up-to-date: /home/cav330/f1tenth_ws/install/vesc_msgs/include/vesc_msgs/msg/detail/vesc_imu__type_support.hpp
[2.661s] -- Up-to-date: /home/cav330/f1tenth_ws/install/vesc_msgs/include/vesc_msgs/msg/detail/vesc_imu__builder.hpp
[2.663s] -- Up-to-date: /home/cav330/f1tenth_ws/install/vesc_msgs/include/vesc_msgs/msg/detail/vesc_imu__struct.hpp
[2.673s] -- Up-to-date: /home/cav330/f1tenth_ws/install/vesc_msgs/include/vesc_msgs/msg/detail/vesc_state__traits.hpp
[2.681s] -- Up-to-date: /home/cav330/f1tenth_ws/install/vesc_msgs/include/vesc_msgs/msg/detail/vesc_state__struct.hpp
[2.682s] -- Up-to-date: /home/cav330/f1tenth_ws/install/vesc_msgs/include/vesc_msgs
[2.685s] -- Up-to-date: /home/cav330/f1tenth_ws/install/vesc_msgs/include/vesc_msgs/msg
[2.687s] -- Up-to-date: /home/cav330/f1tenth_ws/install/vesc_msgs/include/vesc_msgs/msg/detail
[2.689s] -- Up-to-date: /home/cav330/f1tenth_ws/install/vesc_msgs/include/vesc_msgs/msg/detail/vesc_state_stamped__type_support.cpp
[2.690s] -- Up-to-date: /home/cav330/f1tenth_ws/install/vesc_msgs/include/vesc_msgs/msg/detail/vesc_imu_stamped__type_support.cpp
[2.690s] -- Up-to-date: /home/cav330/f1tenth_ws/install/vesc_msgs/include/vesc_msgs/msg/detail/vesc_state__rosidl_typesupport_introspection_cpp.hpp
[2.696s] -- Up-to-date: /home/cav330/f1tenth_ws/install/vesc_msgs/include/vesc_msgs/msg/detail/vesc_state_stamped__rosidl_typesupport_introspection_cpp.hpp
[2.698s] -- Up-to-date: /home/cav330/f1tenth_ws/install/vesc_msgs/include/vesc_msgs/msg/detail/vesc_imu__type_support.cpp
[2.699s] -- Up-to-date: /home/cav330/f1tenth_ws/install/vesc_msgs/include/vesc_msgs/msg/detail/vesc_imu__rosidl_typesupport_introspection_cpp.hpp
[2.701s] -- Up-to-date: /home/cav330/f1tenth_ws/install/vesc_msgs/include/vesc_msgs/msg/detail/vesc_imu_stamped__rosidl_typesupport_introspection_cpp.hpp
[2.702s] -- Up-to-date: /home/cav330/f1tenth_ws/install/vesc_msgs/include/vesc_msgs/msg/detail/vesc_state__type_support.cpp
[2.703s] -- Up-to-date: /home/cav330/f1tenth_ws/install/vesc_msgs/lib/libvesc_msgs__rosidl_typesupport_introspection_cpp.so
[2.705s] -- Up-to-date: /home/cav330/f1tenth_ws/install/vesc_msgs/lib/libvesc_msgs__rosidl_typesupport_cpp.so
[2.708s] -- Up-to-date: /home/cav330/f1tenth_ws/install/vesc_msgs/share/vesc_msgs/environment/pythonpath.sh
[2.709s] -- Up-to-date: /home/cav330/f1tenth_ws/install/vesc_msgs/share/vesc_msgs/environment/pythonpath.dsv
[2.710s] -- Up-to-date: /home/cav330/f1tenth_ws/install/vesc_msgs/lib/python3.8/site-packages/vesc_msgs/__init__.py
[2.848s] -- Up-to-date: /home/cav330/f1tenth_ws/install/vesc_msgs/lib/python3.8/site-packages/vesc_msgs/msg
[2.849s] -- Up-to-date: /home/cav330/f1tenth_ws/install/vesc_msgs/lib/python3.8/site-packages/vesc_msgs/msg/_vesc_state_s.c
[2.850s] -- Up-to-date: /home/cav330/f1tenth_ws/install/vesc_msgs/lib/python3.8/site-packages/vesc_msgs/msg/_vesc_imu_stamped.py
[2.850s] -- Up-to-date: /home/cav330/f1tenth_ws/install/vesc_msgs/lib/python3.8/site-packages/vesc_msgs/msg/_vesc_imu.py
[2.851s] -- Up-to-date: /home/cav330/f1tenth_ws/install/vesc_msgs/lib/python3.8/site-packages/vesc_msgs/msg/_vesc_imu_s.c
[2.852s] -- Up-to-date: /home/cav330/f1tenth_ws/install/vesc_msgs/lib/python3.8/site-packages/vesc_msgs/msg/__init__.py
[2.852s] -- Up-to-date: /home/cav330/f1tenth_ws/install/vesc_msgs/lib/python3.8/site-packages/vesc_msgs/msg/_vesc_state_stamped_s.c
[2.853s] -- Up-to-date: /home/cav330/f1tenth_ws/install/vesc_msgs/lib/python3.8/site-packages/vesc_msgs/msg/_vesc_state_stamped.py
[2.853s] -- Up-to-date: /home/cav330/f1tenth_ws/install/vesc_msgs/lib/python3.8/site-packages/vesc_msgs/msg/_vesc_state.py
[2.854s] -- Up-to-date: /home/cav330/f1tenth_ws/install/vesc_msgs/lib/python3.8/site-packages/vesc_msgs/msg/_vesc_imu_stamped_s.c
[2.855s] -- Up-to-date: /home/cav330/f1tenth_ws/install/vesc_msgs/lib/python3.8/site-packages/vesc_msgs/vesc_msgs_s__rosidl_typesupport_fastrtps_c.cpython-38-aarch64-linux-gnu.so
[2.855s] -- Up-to-date: /home/cav330/f1tenth_ws/install/vesc_msgs/lib/python3.8/site-packages/vesc_msgs/vesc_msgs_s__rosidl_typesupport_introspection_c.cpython-38-aarch64-linux-gnu.so
[2.856s] -- Up-to-date: /home/cav330/f1tenth_ws/install/vesc_msgs/lib/python3.8/site-packages/vesc_msgs/vesc_msgs_s__rosidl_typesupport_c.cpython-38-aarch64-linux-gnu.so
[2.857s] -- Up-to-date: /home/cav330/f1tenth_ws/install/vesc_msgs/lib/libvesc_msgs__python.so
[2.857s] -- Up-to-date: /home/cav330/f1tenth_ws/install/vesc_msgs/share/vesc_msgs/msg/VescState.idl
[2.858s] -- Up-to-date: /home/cav330/f1tenth_ws/install/vesc_msgs/share/vesc_msgs/msg/VescStateStamped.idl
[2.858s] -- Up-to-date: /home/cav330/f1tenth_ws/install/vesc_msgs/share/vesc_msgs/msg/VescImu.idl
[2.859s] -- Up-to-date: /home/cav330/f1tenth_ws/install/vesc_msgs/share/vesc_msgs/msg/VescImuStamped.idl
[2.859s] -- Up-to-date: /home/cav330/f1tenth_ws/install/vesc_msgs/share/vesc_msgs/msg/VescState.msg
[2.860s] -- Up-to-date: /home/cav330/f1tenth_ws/install/vesc_msgs/share/vesc_msgs/msg/VescStateStamped.msg
[2.860s] -- Up-to-date: /home/cav330/f1tenth_ws/install/vesc_msgs/share/vesc_msgs/msg/VescImu.msg
[2.860s] -- Up-to-date: /home/cav330/f1tenth_ws/install/vesc_msgs/share/vesc_msgs/msg/VescImuStamped.msg
[2.860s] -- Up-to-date: /home/cav330/f1tenth_ws/install/vesc_msgs/share/ament_index/resource_index/package_run_dependencies/vesc_msgs
[2.861s] -- Up-to-date: /home/cav330/f1tenth_ws/install/vesc_msgs/share/ament_index/resource_index/parent_prefix_path/vesc_msgs
[2.861s] -- Up-to-date: /home/cav330/f1tenth_ws/install/vesc_msgs/share/vesc_msgs/environment/ament_prefix_path.sh
[2.861s] -- Up-to-date: /home/cav330/f1tenth_ws/install/vesc_msgs/share/vesc_msgs/environment/ament_prefix_path.dsv
[2.862s] -- Up-to-date: /home/cav330/f1tenth_ws/install/vesc_msgs/share/vesc_msgs/environment/path.sh
[2.862s] -- Up-to-date: /home/cav330/f1tenth_ws/install/vesc_msgs/share/vesc_msgs/environment/path.dsv
[2.863s] -- Up-to-date: /home/cav330/f1tenth_ws/install/vesc_msgs/share/vesc_msgs/local_setup.bash
[2.863s] -- Up-to-date: /home/cav330/f1tenth_ws/install/vesc_msgs/share/vesc_msgs/local_setup.sh
[2.864s] -- Up-to-date: /home/cav330/f1tenth_ws/install/vesc_msgs/share/vesc_msgs/local_setup.zsh
[2.864s] -- Up-to-date: /home/cav330/f1tenth_ws/install/vesc_msgs/share/vesc_msgs/local_setup.dsv
[2.864s] -- Installing: /home/cav330/f1tenth_ws/install/vesc_msgs/share/vesc_msgs/package.dsv
[2.865s] -- Up-to-date: /home/cav330/f1tenth_ws/install/vesc_msgs/share/ament_index/resource_index/packages/vesc_msgs
[2.865s] -- Up-to-date: /home/cav330/f1tenth_ws/install/vesc_msgs/share/vesc_msgs/cmake/vesc_msgs__rosidl_generator_cExport.cmake
[2.866s] -- Up-to-date: /home/cav330/f1tenth_ws/install/vesc_msgs/share/vesc_msgs/cmake/vesc_msgs__rosidl_generator_cExport-noconfig.cmake
[2.866s] -- Up-to-date: /home/cav330/f1tenth_ws/install/vesc_msgs/share/vesc_msgs/cmake/vesc_msgs__rosidl_typesupport_introspection_cExport.cmake
[2.867s] -- Up-to-date: /home/cav330/f1tenth_ws/install/vesc_msgs/share/vesc_msgs/cmake/vesc_msgs__rosidl_typesupport_introspection_cExport-noconfig.cmake
[2.867s] -- Up-to-date: /home/cav330/f1tenth_ws/install/vesc_msgs/share/vesc_msgs/cmake/vesc_msgs__rosidl_typesupport_cExport.cmake
[2.868s] -- Up-to-date: /home/cav330/f1tenth_ws/install/vesc_msgs/share/vesc_msgs/cmake/vesc_msgs__rosidl_typesupport_cExport-noconfig.cmake
[2.868s] -- Up-to-date: /home/cav330/f1tenth_ws/install/vesc_msgs/share/vesc_msgs/cmake/vesc_msgs__rosidl_generator_cppExport.cmake
[2.869s] -- Up-to-date: /home/cav330/f1tenth_ws/install/vesc_msgs/share/vesc_msgs/cmake/vesc_msgs__rosidl_typesupport_introspection_cppExport.cmake
[2.870s] -- Up-to-date: /home/cav330/f1tenth_ws/install/vesc_msgs/share/vesc_msgs/cmake/vesc_msgs__rosidl_typesupport_introspection_cppExport-noconfig.cmake
[2.870s] -- Up-to-date: /home/cav330/f1tenth_ws/install/vesc_msgs/share/vesc_msgs/cmake/vesc_msgs__rosidl_typesupport_cppExport.cmake
[2.871s] -- Up-to-date: /home/cav330/f1tenth_ws/install/vesc_msgs/share/vesc_msgs/cmake/vesc_msgs__rosidl_typesupport_cppExport-noconfig.cmake
[2.873s] -- Up-to-date: /home/cav330/f1tenth_ws/install/vesc_msgs/share/vesc_msgs/cmake/rosidl_cmake-extras.cmake
[2.873s] -- Up-to-date: /home/cav330/f1tenth_ws/install/vesc_msgs/share/vesc_msgs/cmake/ament_cmake_export_dependencies-extras.cmake
[2.874s] -- Up-to-date: /home/cav330/f1tenth_ws/install/vesc_msgs/share/vesc_msgs/cmake/ament_cmake_export_libraries-extras.cmake
[2.874s] -- Up-to-date: /home/cav330/f1tenth_ws/install/vesc_msgs/share/vesc_msgs/cmake/ament_cmake_export_targets-extras.cmake
[2.875s] -- Up-to-date: /home/cav330/f1tenth_ws/install/vesc_msgs/share/vesc_msgs/cmake/ament_cmake_export_include_directories-extras.cmake
[2.875s] -- Up-to-date: /home/cav330/f1tenth_ws/install/vesc_msgs/share/vesc_msgs/cmake/rosidl_cmake_export_typesupport_libraries-extras.cmake
[2.876s] -- Up-to-date: /home/cav330/f1tenth_ws/install/vesc_msgs/share/vesc_msgs/cmake/rosidl_cmake_export_typesupport_targets-extras.cmake
[2.876s] -- Up-to-date: /home/cav330/f1tenth_ws/install/vesc_msgs/share/vesc_msgs/cmake/vesc_msgsConfig.cmake
[2.876s] -- Up-to-date: /home/cav330/f1tenth_ws/install/vesc_msgs/share/vesc_msgs/cmake/vesc_msgsConfig-version.cmake
[2.877s] -- Up-to-date: /home/cav330/f1tenth_ws/install/vesc_msgs/share/vesc_msgs/package.xml
[4.202s] Invoked command in '/home/cav330/f1tenth_ws/build/vesc_msgs' returned '0': CMAKE_PREFIX_PATH=${CMAKE_PREFIX_PATH}:/home/cav330/f1tenth_ws/install/f1tenth_stack:/home/cav330/f1tenth_ws/install/joy_teleop:/home/cav330/f1tenth_ws/install/mouse_teleop:/home/cav330/f1tenth_ws/install/key_teleop:/home/cav330/f1tenth_ws/install/f1tenth_gym_ros:/opt/ros/foxy NX_CONNECTION=192.168.33.135 50408 192.168.33.130 4000 /usr/bin/cmake --install /home/cav330/f1tenth_ws/build/vesc_msgs
