[0.114s] Invoking command in '/home/cav330/f1tenth_ws/build/vesc_driver': AMENT_PREFIX_PATH=/home/cav330/f1tenth_ws/install/vesc_msgs:${AMENT_PREFIX_PATH} CMAKE_PREFIX_PATH=/home/cav330/f1tenth_ws/install/vesc_msgs:/opt/ros/foxy LD_LIBRARY_PATH=/home/cav330/f1tenth_ws/install/vesc_msgs/lib:/opt/ros/foxy/opt/yaml_cpp_vendor/lib:/opt/ros/foxy/opt/rviz_ogre_vendor/lib:/opt/ros/foxy/lib/aarch64-linux-gnu:/opt/ros/foxy/lib:/usr/local/cuda-11.4/lib64 PYTHONPATH=/home/cav330/f1tenth_ws/install/vesc_msgs/lib/python3.8/site-packages:${PYTHONPATH} /usr/bin/cmake /home/cav330/f1tenth_ws/src/f1tenth_system/vesc/vesc_driver -DCMAKE_INSTALL_PREFIX=/home/cav330/f1tenth_ws/install/vesc_driver
[0.500s] -- The C compiler identification is GNU 9.4.0
[0.823s] -- The CXX compiler identification is GNU 9.4.0
[0.855s] -- Check for working C compiler: /usr/bin/cc
[1.273s] -- Check for working C compiler: /usr/bin/cc -- works
[1.279s] -- Detecting C compiler ABI info
[1.698s] -- Detecting C compiler ABI info - done
[1.767s] -- Detecting C compile features
[1.778s] -- Detecting C compile features - done
[1.800s] -- Check for working CXX compiler: /usr/bin/c++
[2.236s] -- Check for working CXX compiler: /usr/bin/c++ -- works
[2.241s] -- Detecting CXX compiler ABI info
[2.675s] -- Detecting CXX compiler ABI info - done
[2.732s] -- Detecting CXX compile features
[2.734s] -- Detecting CXX compile features - done
[2.745s] -- Found ament_cmake_auto: 0.9.12 (/opt/ros/foxy/share/ament_cmake_auto/cmake)
[2.874s] -- Found PythonInterp: /usr/bin/python3 (found suitable version "3.8.10", minimum required is "3") 
[2.876s] -- Using PYTHON_EXECUTABLE: /usr/bin/python3
[4.454s] -- Using all available rosidl_typesupport_c: rosidl_typesupport_fastrtps_c;rosidl_typesupport_introspection_c
[4.489s] -- Found rosidl_adapter: 1.3.1 (/opt/ros/foxy/share/rosidl_adapter/cmake)
[5.011s] -- Found OpenSSL: /usr/lib/aarch64-linux-gnu/libcrypto.so (found version "1.1.1f")  
[5.145s] -- Found FastRTPS: /opt/ros/foxy/include  
[5.531s] -- Using all available rosidl_typesupport_cpp: rosidl_typesupport_fastrtps_cpp;rosidl_typesupport_introspection_cpp
[5.801s] -- Found rmw_implementation_cmake: 1.0.4 (/opt/ros/foxy/share/rmw_implementation_cmake/cmake)
[5.802s] -- Using RMW implementation 'rmw_fastrtps_cpp' as default
[5.806s] -- Looking for pthread.h
[6.279s] -- Looking for pthread.h - found
[6.281s] -- Performing Test CMAKE_HAVE_LIBC_PTHREAD
[6.704s] -- Performing Test CMAKE_HAVE_LIBC_PTHREAD - Failed
[6.711s] -- Looking for pthread_create in pthreads
[7.099s] -- Looking for pthread_create in pthreads - not found
[7.099s] -- Looking for pthread_create in pthread
[7.497s] -- Looking for pthread_create in pthread - found
[7.502s] -- Found Threads: TRUE  
[11.206s] -- Found ament_lint_auto: 0.9.8 (/opt/ros/foxy/share/ament_lint_auto/cmake)
[11.326s] -- Added test 'copyright' to check source files copyright and LICENSE
[11.337s] -- Added test 'cppcheck' to perform static code analysis on C / C++ code
[11.337s] -- Configured cppcheck include dirs: /home/cav330/f1tenth_ws/src/f1tenth_system/vesc/vesc_driver/include
[11.338s] -- Configured cppcheck exclude dirs and/or files: 
[11.347s] -- Added test 'cpplint' to check C / C++ code against the Google style
[11.347s] -- Configured cpplint exclude dirs and/or files: 
[11.350s] -- Added test 'flake8' to check Python code syntax and style conventions
[11.357s] -- Added test 'lint_cmake' to check CMake code style
[11.359s] -- Added test 'pep257' to check Python code against some of the style conventions in PEP 257
[11.369s] -- Added test 'uncrustify' to check C / C++ code style
[11.370s] -- Configured uncrustify additional arguments: 
[11.372s] -- Added test 'xmllint' to check XML markup files
[11.410s] -- Configuring done
[11.739s] -- Generating done
[11.877s] -- Build files have been written to: /home/cav330/f1tenth_ws/build/vesc_driver
[11.939s] Invoked command in '/home/cav330/f1tenth_ws/build/vesc_driver' returned '0': AMENT_PREFIX_PATH=/home/cav330/f1tenth_ws/install/vesc_msgs:${AMENT_PREFIX_PATH} CMAKE_PREFIX_PATH=/home/cav330/f1tenth_ws/install/vesc_msgs:/opt/ros/foxy LD_LIBRARY_PATH=/home/cav330/f1tenth_ws/install/vesc_msgs/lib:/opt/ros/foxy/opt/yaml_cpp_vendor/lib:/opt/ros/foxy/opt/rviz_ogre_vendor/lib:/opt/ros/foxy/lib/aarch64-linux-gnu:/opt/ros/foxy/lib:/usr/local/cuda-11.4/lib64 PYTHONPATH=/home/cav330/f1tenth_ws/install/vesc_msgs/lib/python3.8/site-packages:${PYTHONPATH} /usr/bin/cmake /home/cav330/f1tenth_ws/src/f1tenth_system/vesc/vesc_driver -DCMAKE_INSTALL_PREFIX=/home/cav330/f1tenth_ws/install/vesc_driver
[11.950s] Invoking command in '/home/cav330/f1tenth_ws/build/vesc_driver': AMENT_PREFIX_PATH=/home/cav330/f1tenth_ws/install/vesc_msgs:${AMENT_PREFIX_PATH} CMAKE_PREFIX_PATH=/home/cav330/f1tenth_ws/install/vesc_msgs:/opt/ros/foxy LD_LIBRARY_PATH=/home/cav330/f1tenth_ws/install/vesc_msgs/lib:/opt/ros/foxy/opt/yaml_cpp_vendor/lib:/opt/ros/foxy/opt/rviz_ogre_vendor/lib:/opt/ros/foxy/lib/aarch64-linux-gnu:/opt/ros/foxy/lib:/usr/local/cuda-11.4/lib64 PYTHONPATH=/home/cav330/f1tenth_ws/install/vesc_msgs/lib/python3.8/site-packages:${PYTHONPATH} /usr/bin/cmake --build /home/cav330/f1tenth_ws/build/vesc_driver -- -j4 -l4
[12.197s] [35m[1mScanning dependencies of target vesc_driver[0m
[12.554s] [ 10%] [32mBuilding CXX object CMakeFiles/vesc_driver.dir/src/vesc_driver.cpp.o[0m
[43.800s] [ 20%] [32mBuilding CXX object CMakeFiles/vesc_driver.dir/src/vesc_packet.cpp.o[0m
[45.908s] [ 30%] [32mBuilding CXX object CMakeFiles/vesc_driver.dir/src/vesc_interface.cpp.o[0m
[46.310s] [ 40%] [32mBuilding CXX object CMakeFiles/vesc_driver.dir/src/vesc_packet_factory.cpp.o[0m
[55.709s] [ 50%] [32m[1mLinking CXX shared library libvesc_driver.so[0m
[57.750s] [ 50%] Built target vesc_driver
[57.810s] [35m[1mScanning dependencies of target vesc_driver_node[0m
[58.031s] [ 60%] [32mBuilding CXX object CMakeFiles/vesc_driver_node.dir/rclcpp_components/node_main_vesc_driver_node.cpp.o[0m
[67.415s] [ 70%] [32m[1mLinking CXX executable vesc_driver_node[0m
[67.972s] [ 70%] Built target vesc_driver_node
[68.036s] [35m[1mScanning dependencies of target vesc_device_namer[0m
[68.125s] [ 80%] [32mBuilding CXX object CMakeFiles/vesc_device_namer.dir/src/vesc_device_namer.cpp.o[0m
[70.114s] [ 90%] [32mBuilding CXX object CMakeFiles/vesc_device_namer.dir/src/vesc_device_uuid_lookup.cpp.o[0m
[72.903s] [100%] [32m[1mLinking CXX executable vesc_device_namer[0m
[73.832s] [100%] Built target vesc_device_namer
[73.889s] Invoked command in '/home/cav330/f1tenth_ws/build/vesc_driver' returned '0': AMENT_PREFIX_PATH=/home/cav330/f1tenth_ws/install/vesc_msgs:${AMENT_PREFIX_PATH} CMAKE_PREFIX_PATH=/home/cav330/f1tenth_ws/install/vesc_msgs:/opt/ros/foxy LD_LIBRARY_PATH=/home/cav330/f1tenth_ws/install/vesc_msgs/lib:/opt/ros/foxy/opt/yaml_cpp_vendor/lib:/opt/ros/foxy/opt/rviz_ogre_vendor/lib:/opt/ros/foxy/lib/aarch64-linux-gnu:/opt/ros/foxy/lib:/usr/local/cuda-11.4/lib64 PYTHONPATH=/home/cav330/f1tenth_ws/install/vesc_msgs/lib/python3.8/site-packages:${PYTHONPATH} /usr/bin/cmake --build /home/cav330/f1tenth_ws/build/vesc_driver -- -j4 -l4
[73.902s] Invoking command in '/home/cav330/f1tenth_ws/build/vesc_driver': AMENT_PREFIX_PATH=/home/cav330/f1tenth_ws/install/vesc_msgs:${AMENT_PREFIX_PATH} CMAKE_PREFIX_PATH=/home/cav330/f1tenth_ws/install/vesc_msgs:/opt/ros/foxy LD_LIBRARY_PATH=/home/cav330/f1tenth_ws/install/vesc_msgs/lib:/opt/ros/foxy/opt/yaml_cpp_vendor/lib:/opt/ros/foxy/opt/rviz_ogre_vendor/lib:/opt/ros/foxy/lib/aarch64-linux-gnu:/opt/ros/foxy/lib:/usr/local/cuda-11.4/lib64 PYTHONPATH=/home/cav330/f1tenth_ws/install/vesc_msgs/lib/python3.8/site-packages:${PYTHONPATH} /usr/bin/cmake --install /home/cav330/f1tenth_ws/build/vesc_driver
[73.961s] -- Install configuration: ""
[73.962s] -- Installing: /home/cav330/f1tenth_ws/install/vesc_driver/lib/vesc_driver/vesc_driver_node
[73.967s] -- Set runtime path of "/home/cav330/f1tenth_ws/install/vesc_driver/lib/vesc_driver/vesc_driver_node" to ""
[73.967s] -- Installing: /home/cav330/f1tenth_ws/install/vesc_driver/include
[73.968s] -- Installing: /home/cav330/f1tenth_ws/install/vesc_driver/include/vesc_driver
[73.968s] -- Installing: /home/cav330/f1tenth_ws/install/vesc_driver/include/vesc_driver/vesc_driver.hpp
[73.969s] -- Installing: /home/cav330/f1tenth_ws/install/vesc_driver/include/vesc_driver/crc.hpp
[73.969s] -- Installing: /home/cav330/f1tenth_ws/install/vesc_driver/include/vesc_driver/vesc_packet_factory.hpp
[73.970s] -- Installing: /home/cav330/f1tenth_ws/install/vesc_driver/include/vesc_driver/datatypes.hpp
[73.971s] -- Installing: /home/cav330/f1tenth_ws/install/vesc_driver/include/vesc_driver/vesc_interface.hpp
[73.972s] -- Installing: /home/cav330/f1tenth_ws/install/vesc_driver/include/vesc_driver/vesc_device_uuid_lookup.hpp
[73.973s] -- Installing: /home/cav330/f1tenth_ws/install/vesc_driver/include/vesc_driver/vesc_packet.hpp
[73.974s] -- Installing: /home/cav330/f1tenth_ws/install/vesc_driver/share/vesc_driver/environment/library_path.sh
[73.975s] -- Installing: /home/cav330/f1tenth_ws/install/vesc_driver/share/vesc_driver/environment/library_path.dsv
[73.977s] -- Installing: /home/cav330/f1tenth_ws/install/vesc_driver/lib/libvesc_driver.so
[74.016s] -- Set runtime path of "/home/cav330/f1tenth_ws/install/vesc_driver/lib/libvesc_driver.so" to ""
[74.017s] -- Installing: /home/cav330/f1tenth_ws/install/vesc_driver/lib/vesc_driver/vesc_device_namer
[74.020s] -- Set runtime path of "/home/cav330/f1tenth_ws/install/vesc_driver/lib/vesc_driver/vesc_device_namer" to ""
[74.021s] -- Installing: /home/cav330/f1tenth_ws/install/vesc_driver/share/vesc_driver/launch
[74.022s] -- Installing: /home/cav330/f1tenth_ws/install/vesc_driver/share/vesc_driver/launch/vesc_driver_node.launch.py
[74.023s] -- Installing: /home/cav330/f1tenth_ws/install/vesc_driver/share/vesc_driver/params
[74.025s] -- Installing: /home/cav330/f1tenth_ws/install/vesc_driver/share/vesc_driver/params/vesc_config.yaml
[74.026s] -- Installing: /home/cav330/f1tenth_ws/install/vesc_driver/share/ament_index/resource_index/package_run_dependencies/vesc_driver
[74.026s] -- Installing: /home/cav330/f1tenth_ws/install/vesc_driver/share/ament_index/resource_index/parent_prefix_path/vesc_driver
[74.027s] -- Installing: /home/cav330/f1tenth_ws/install/vesc_driver/share/vesc_driver/environment/ament_prefix_path.sh
[74.027s] -- Installing: /home/cav330/f1tenth_ws/install/vesc_driver/share/vesc_driver/environment/ament_prefix_path.dsv
[74.028s] -- Installing: /home/cav330/f1tenth_ws/install/vesc_driver/share/vesc_driver/environment/path.sh
[74.029s] -- Installing: /home/cav330/f1tenth_ws/install/vesc_driver/share/vesc_driver/environment/path.dsv
[74.030s] -- Installing: /home/cav330/f1tenth_ws/install/vesc_driver/share/vesc_driver/local_setup.bash
[74.031s] -- Installing: /home/cav330/f1tenth_ws/install/vesc_driver/share/vesc_driver/local_setup.sh
[74.033s] -- Installing: /home/cav330/f1tenth_ws/install/vesc_driver/share/vesc_driver/local_setup.zsh
[74.034s] -- Installing: /home/cav330/f1tenth_ws/install/vesc_driver/share/vesc_driver/local_setup.dsv
[74.039s] -- Installing: /home/cav330/f1tenth_ws/install/vesc_driver/share/vesc_driver/package.dsv
[74.040s] -- Installing: /home/cav330/f1tenth_ws/install/vesc_driver/share/ament_index/resource_index/packages/vesc_driver
[74.046s] -- Installing: /home/cav330/f1tenth_ws/install/vesc_driver/share/ament_index/resource_index/rclcpp_components/vesc_driver
[74.047s] -- Installing: /home/cav330/f1tenth_ws/install/vesc_driver/share/vesc_driver/cmake/ament_cmake_export_dependencies-extras.cmake
[74.047s] -- Installing: /home/cav330/f1tenth_ws/install/vesc_driver/share/vesc_driver/cmake/ament_cmake_export_include_directories-extras.cmake
[74.047s] -- Installing: /home/cav330/f1tenth_ws/install/vesc_driver/share/vesc_driver/cmake/ament_cmake_export_libraries-extras.cmake
[74.048s] -- Installing: /home/cav330/f1tenth_ws/install/vesc_driver/share/vesc_driver/cmake/vesc_driverConfig.cmake
[74.049s] -- Installing: /home/cav330/f1tenth_ws/install/vesc_driver/share/vesc_driver/cmake/vesc_driverConfig-version.cmake
[74.050s] -- Installing: /home/cav330/f1tenth_ws/install/vesc_driver/share/vesc_driver/package.xml
[74.062s] Invoked command in '/home/cav330/f1tenth_ws/build/vesc_driver' returned '0': AMENT_PREFIX_PATH=/home/cav330/f1tenth_ws/install/vesc_msgs:${AMENT_PREFIX_PATH} CMAKE_PREFIX_PATH=/home/cav330/f1tenth_ws/install/vesc_msgs:/opt/ros/foxy LD_LIBRARY_PATH=/home/cav330/f1tenth_ws/install/vesc_msgs/lib:/opt/ros/foxy/opt/yaml_cpp_vendor/lib:/opt/ros/foxy/opt/rviz_ogre_vendor/lib:/opt/ros/foxy/lib/aarch64-linux-gnu:/opt/ros/foxy/lib:/usr/local/cuda-11.4/lib64 PYTHONPATH=/home/cav330/f1tenth_ws/install/vesc_msgs/lib/python3.8/site-packages:${PYTHONPATH} /usr/bin/cmake --install /home/cav330/f1tenth_ws/build/vesc_driver
