[0.165s] Invoking command in '/home/cav330/f1tenth_ws/build/wall_follow': CMAKE_PREFIX_PATH=${CMAKE_PREFIX_PATH}:/home/cav330/f1tenth_ws/install/f1tenth_stack:/home/cav330/f1tenth_ws/install/joy_teleop:/home/cav330/f1tenth_ws/install/mouse_teleop:/home/cav330/f1tenth_ws/install/key_teleop:/home/cav330/f1tenth_ws/install/f1tenth_gym_ros:/opt/ros/foxy /usr/bin/cmake --build /home/cav330/f1tenth_ws/build/wall_follow -- -j4 -l4
[0.658s] [100%] Built target wall_follow_node
[0.718s] Invoked command in '/home/cav330/f1tenth_ws/build/wall_follow' returned '0': CMAKE_PREFIX_PATH=${CMAKE_PREFIX_PATH}:/home/cav330/f1tenth_ws/install/f1tenth_stack:/home/cav330/f1tenth_ws/install/joy_teleop:/home/cav330/f1tenth_ws/install/mouse_teleop:/home/cav330/f1tenth_ws/install/key_teleop:/home/cav330/f1tenth_ws/install/f1tenth_gym_ros:/opt/ros/foxy /usr/bin/cmake --build /home/cav330/f1tenth_ws/build/wall_follow -- -j4 -l4
[0.729s] Invoking command in '/home/cav330/f1tenth_ws/build/wall_follow': CMAKE_PREFIX_PATH=${CMAKE_PREFIX_PATH}:/home/cav330/f1tenth_ws/install/f1tenth_stack:/home/cav330/f1tenth_ws/install/joy_teleop:/home/cav330/f1tenth_ws/install/mouse_teleop:/home/cav330/f1tenth_ws/install/key_teleop:/home/cav330/f1tenth_ws/install/f1tenth_gym_ros:/opt/ros/foxy /usr/bin/cmake --install /home/cav330/f1tenth_ws/build/wall_follow
[0.813s] -- Install configuration: ""
[0.821s] -- Up-to-date: /home/cav330/f1tenth_ws/install/wall_follow/lib/wall_follow/wall_follow_node
[0.825s] -- Up-to-date: /home/cav330/f1tenth_ws/install/wall_follow/share/wall_follow/launch
[0.826s] -- Up-to-date: /home/cav330/f1tenth_ws/install/wall_follow/share/wall_follow/launch/wall_follow_launch.py
[0.827s] -- Up-to-date: /home/cav330/f1tenth_ws/install/wall_follow/share/wall_follow/launch/wall_follow_hardware_launch.py
[0.828s] -- Up-to-date: /home/cav330/f1tenth_ws/install/wall_follow/share/wall_follow/launch/hardware_launch.py
[0.829s] -- Up-to-date: /home/cav330/f1tenth_ws/install/wall_follow/share/wall_follow/config
[0.830s] -- Up-to-date: /home/cav330/f1tenth_ws/install/wall_follow/share/wall_follow/config/mux_params.yaml
[0.830s] -- Up-to-date: /home/cav330/f1tenth_ws/install/wall_follow/share/wall_follow/config/hardware_params.yaml
[0.833s] -- Up-to-date: /home/cav330/f1tenth_ws/install/wall_follow/share/ament_index/resource_index/package_run_dependencies/wall_follow
[0.837s] -- Up-to-date: /home/cav330/f1tenth_ws/install/wall_follow/share/ament_index/resource_index/parent_prefix_path/wall_follow
[0.838s] -- Up-to-date: /home/cav330/f1tenth_ws/install/wall_follow/share/wall_follow/environment/ament_prefix_path.sh
[0.840s] -- Up-to-date: /home/cav330/f1tenth_ws/install/wall_follow/share/wall_follow/environment/ament_prefix_path.dsv
[0.842s] -- Up-to-date: /home/cav330/f1tenth_ws/install/wall_follow/share/wall_follow/environment/path.sh
[0.847s] -- Up-to-date: /home/cav330/f1tenth_ws/install/wall_follow/share/wall_follow/environment/path.dsv
[0.848s] -- Up-to-date: /home/cav330/f1tenth_ws/install/wall_follow/share/wall_follow/local_setup.bash
[0.850s] -- Up-to-date: /home/cav330/f1tenth_ws/install/wall_follow/share/wall_follow/local_setup.sh
[0.850s] -- Up-to-date: /home/cav330/f1tenth_ws/install/wall_follow/share/wall_follow/local_setup.zsh
[0.852s] -- Up-to-date: /home/cav330/f1tenth_ws/install/wall_follow/share/wall_follow/local_setup.dsv
[0.853s] -- Installing: /home/cav330/f1tenth_ws/install/wall_follow/share/wall_follow/package.dsv
[0.855s] -- Up-to-date: /home/cav330/f1tenth_ws/install/wall_follow/share/ament_index/resource_index/packages/wall_follow
[0.856s] -- Up-to-date: /home/cav330/f1tenth_ws/install/wall_follow/share/wall_follow/cmake/wall_followConfig.cmake
[0.857s] -- Up-to-date: /home/cav330/f1tenth_ws/install/wall_follow/share/wall_follow/cmake/wall_followConfig-version.cmake
[0.859s] -- Up-to-date: /home/cav330/f1tenth_ws/install/wall_follow/share/wall_follow/package.xml
[0.882s] Invoked command in '/home/cav330/f1tenth_ws/build/wall_follow' returned '0': CMAKE_PREFIX_PATH=${CMAKE_PREFIX_PATH}:/home/cav330/f1tenth_ws/install/f1tenth_stack:/home/cav330/f1tenth_ws/install/joy_teleop:/home/cav330/f1tenth_ws/install/mouse_teleop:/home/cav330/f1tenth_ws/install/key_teleop:/home/cav330/f1tenth_ws/install/f1tenth_gym_ros:/opt/ros/foxy /usr/bin/cmake --install /home/cav330/f1tenth_ws/build/wall_follow
