[0.162s] Invoking command in '/home/cav330/f1tenth_ws/build/safety_node': CMAKE_PREFIX_PATH=${CMAKE_PREFIX_PATH}:/home/cav330/f1tenth_ws/install/f1tenth_stack:/home/cav330/f1tenth_ws/install/joy_teleop:/home/cav330/f1tenth_ws/install/mouse_teleop:/home/cav330/f1tenth_ws/install/key_teleop:/home/cav330/f1tenth_ws/install/f1tenth_gym_ros:/opt/ros/foxy /usr/bin/cmake --build /home/cav330/f1tenth_ws/build/safety_node -- -j4 -l4
[0.669s] [100%] Built target safety_node
[0.781s] Invoked command in '/home/cav330/f1tenth_ws/build/safety_node' returned '0': CMAKE_PREFIX_PATH=${CMAKE_PREFIX_PATH}:/home/cav330/f1tenth_ws/install/f1tenth_stack:/home/cav330/f1tenth_ws/install/joy_teleop:/home/cav330/f1tenth_ws/install/mouse_teleop:/home/cav330/f1tenth_ws/install/key_teleop:/home/cav330/f1tenth_ws/install/f1tenth_gym_ros:/opt/ros/foxy /usr/bin/cmake --build /home/cav330/f1tenth_ws/build/safety_node -- -j4 -l4
[0.789s] Invoking command in '/home/cav330/f1tenth_ws/build/safety_node': CMAKE_PREFIX_PATH=${CMAKE_PREFIX_PATH}:/home/cav330/f1tenth_ws/install/f1tenth_stack:/home/cav330/f1tenth_ws/install/joy_teleop:/home/cav330/f1tenth_ws/install/mouse_teleop:/home/cav330/f1tenth_ws/install/key_teleop:/home/cav330/f1tenth_ws/install/f1tenth_gym_ros:/opt/ros/foxy /usr/bin/cmake --install /home/cav330/f1tenth_ws/build/safety_node
[0.892s] -- Install configuration: ""
[0.896s] -- Up-to-date: /home/cav330/f1tenth_ws/install/safety_node/lib/safety_node/safety_node
[0.898s] -- Up-to-date: /home/cav330/f1tenth_ws/install/safety_node/share/safety_node/launch
[0.899s] -- Up-to-date: /home/cav330/f1tenth_ws/install/safety_node/share/safety_node/launch/safety_node_hardware_launch.py
[0.901s] -- Up-to-date: /home/cav330/f1tenth_ws/install/safety_node/share/safety_node/launch/safety_node_launch.py
[0.901s] -- Up-to-date: /home/cav330/f1tenth_ws/install/safety_node/share/safety_node/config
[0.902s] -- Up-to-date: /home/cav330/f1tenth_ws/install/safety_node/share/safety_node/config/hardware_params.yaml
[0.903s] -- Up-to-date: /home/cav330/f1tenth_ws/install/safety_node/share/ament_index/resource_index/package_run_dependencies/safety_node
[0.904s] -- Up-to-date: /home/cav330/f1tenth_ws/install/safety_node/share/ament_index/resource_index/parent_prefix_path/safety_node
[0.905s] -- Up-to-date: /home/cav330/f1tenth_ws/install/safety_node/share/safety_node/environment/ament_prefix_path.sh
[0.906s] -- Up-to-date: /home/cav330/f1tenth_ws/install/safety_node/share/safety_node/environment/ament_prefix_path.dsv
[0.908s] -- Up-to-date: /home/cav330/f1tenth_ws/install/safety_node/share/safety_node/environment/path.sh
[0.908s] -- Up-to-date: /home/cav330/f1tenth_ws/install/safety_node/share/safety_node/environment/path.dsv
[0.909s] -- Up-to-date: /home/cav330/f1tenth_ws/install/safety_node/share/safety_node/local_setup.bash
[0.909s] -- Up-to-date: /home/cav330/f1tenth_ws/install/safety_node/share/safety_node/local_setup.sh
[0.910s] -- Up-to-date: /home/cav330/f1tenth_ws/install/safety_node/share/safety_node/local_setup.zsh
[0.911s] -- Up-to-date: /home/cav330/f1tenth_ws/install/safety_node/share/safety_node/local_setup.dsv
[0.911s] -- Installing: /home/cav330/f1tenth_ws/install/safety_node/share/safety_node/package.dsv
[0.913s] -- Up-to-date: /home/cav330/f1tenth_ws/install/safety_node/share/ament_index/resource_index/packages/safety_node
[0.913s] -- Up-to-date: /home/cav330/f1tenth_ws/install/safety_node/share/safety_node/cmake/safety_nodeConfig.cmake
[0.914s] -- Up-to-date: /home/cav330/f1tenth_ws/install/safety_node/share/safety_node/cmake/safety_nodeConfig-version.cmake
[0.914s] -- Up-to-date: /home/cav330/f1tenth_ws/install/safety_node/share/safety_node/package.xml
[0.933s] Invoked command in '/home/cav330/f1tenth_ws/build/safety_node' returned '0': CMAKE_PREFIX_PATH=${CMAKE_PREFIX_PATH}:/home/cav330/f1tenth_ws/install/f1tenth_stack:/home/cav330/f1tenth_ws/install/joy_teleop:/home/cav330/f1tenth_ws/install/mouse_teleop:/home/cav330/f1tenth_ws/install/key_teleop:/home/cav330/f1tenth_ws/install/f1tenth_gym_ros:/opt/ros/foxy /usr/bin/cmake --install /home/cav330/f1tenth_ws/build/safety_node
