[0.214s] Invoking command in '/home/cav330/f1tenth_ws/build/vesc': AMENT_PREFIX_PATH=/home/cav330/f1tenth_ws/install/vesc_driver:/home/cav330/f1tenth_ws/install/vesc_ackermann:/home/cav330/f1tenth_ws/install/vesc_msgs:${AMENT_PREFIX_PATH} CMAKE_PREFIX_PATH=/home/cav330/f1tenth_ws/install/vesc_driver:/home/cav330/f1tenth_ws/install/vesc_ackermann:/home/cav330/f1tenth_ws/install/vesc_msgs:/opt/ros/foxy LD_LIBRARY_PATH=/home/cav330/f1tenth_ws/install/vesc_driver/lib:/home/cav330/f1tenth_ws/install/vesc_ackermann/lib:/home/cav330/f1tenth_ws/install/vesc_msgs/lib:/opt/ros/foxy/opt/yaml_cpp_vendor/lib:/opt/ros/foxy/opt/rviz_ogre_vendor/lib:/opt/ros/foxy/lib/aarch64-linux-gnu:/opt/ros/foxy/lib:/usr/local/cuda-11.4/lib64 PYTHONPATH=/home/cav330/f1tenth_ws/install/vesc_msgs/lib/python3.8/site-packages:${PYTHONPATH} /usr/bin/cmake --build /home/cav330/f1tenth_ws/build/vesc -- -j4 -l4
[0.652s] Invoked command in '/home/cav330/f1tenth_ws/build/vesc' returned '0': AMENT_PREFIX_PATH=/home/cav330/f1tenth_ws/install/vesc_driver:/home/cav330/f1tenth_ws/install/vesc_ackermann:/home/cav330/f1tenth_ws/install/vesc_msgs:${AMENT_PREFIX_PATH} CMAKE_PREFIX_PATH=/home/cav330/f1tenth_ws/install/vesc_driver:/home/cav330/f1tenth_ws/install/vesc_ackermann:/home/cav330/f1tenth_ws/install/vesc_msgs:/opt/ros/foxy LD_LIBRARY_PATH=/home/cav330/f1tenth_ws/install/vesc_driver/lib:/home/cav330/f1tenth_ws/install/vesc_ackermann/lib:/home/cav330/f1tenth_ws/install/vesc_msgs/lib:/opt/ros/foxy/opt/yaml_cpp_vendor/lib:/opt/ros/foxy/opt/rviz_ogre_vendor/lib:/opt/ros/foxy/lib/aarch64-linux-gnu:/opt/ros/foxy/lib:/usr/local/cuda-11.4/lib64 PYTHONPATH=/home/cav330/f1tenth_ws/install/vesc_msgs/lib/python3.8/site-packages:${PYTHONPATH} /usr/bin/cmake --build /home/cav330/f1tenth_ws/build/vesc -- -j4 -l4
[0.666s] Invoking command in '/home/cav330/f1tenth_ws/build/vesc': AMENT_PREFIX_PATH=/home/cav330/f1tenth_ws/install/vesc_driver:/home/cav330/f1tenth_ws/install/vesc_ackermann:/home/cav330/f1tenth_ws/install/vesc_msgs:${AMENT_PREFIX_PATH} CMAKE_PREFIX_PATH=/home/cav330/f1tenth_ws/install/vesc_driver:/home/cav330/f1tenth_ws/install/vesc_ackermann:/home/cav330/f1tenth_ws/install/vesc_msgs:/opt/ros/foxy LD_LIBRARY_PATH=/home/cav330/f1tenth_ws/install/vesc_driver/lib:/home/cav330/f1tenth_ws/install/vesc_ackermann/lib:/home/cav330/f1tenth_ws/install/vesc_msgs/lib:/opt/ros/foxy/opt/yaml_cpp_vendor/lib:/opt/ros/foxy/opt/rviz_ogre_vendor/lib:/opt/ros/foxy/lib/aarch64-linux-gnu:/opt/ros/foxy/lib:/usr/local/cuda-11.4/lib64 PYTHONPATH=/home/cav330/f1tenth_ws/install/vesc_msgs/lib/python3.8/site-packages:${PYTHONPATH} /usr/bin/cmake --install /home/cav330/f1tenth_ws/build/vesc
[0.789s] -- Install configuration: ""
[0.791s] -- Up-to-date: /home/cav330/f1tenth_ws/install/vesc/share/ament_index/resource_index/package_run_dependencies/vesc
[0.791s] -- Up-to-date: /home/cav330/f1tenth_ws/install/vesc/share/ament_index/resource_index/parent_prefix_path/vesc
[0.792s] -- Up-to-date: /home/cav330/f1tenth_ws/install/vesc/share/vesc/environment/ament_prefix_path.sh
[0.792s] -- Up-to-date: /home/cav330/f1tenth_ws/install/vesc/share/vesc/environment/ament_prefix_path.dsv
[0.792s] -- Up-to-date: /home/cav330/f1tenth_ws/install/vesc/share/vesc/environment/path.sh
[0.793s] -- Up-to-date: /home/cav330/f1tenth_ws/install/vesc/share/vesc/environment/path.dsv
[0.794s] -- Up-to-date: /home/cav330/f1tenth_ws/install/vesc/share/vesc/local_setup.bash
[0.794s] -- Up-to-date: /home/cav330/f1tenth_ws/install/vesc/share/vesc/local_setup.sh
[0.795s] -- Up-to-date: /home/cav330/f1tenth_ws/install/vesc/share/vesc/local_setup.zsh
[0.796s] -- Up-to-date: /home/cav330/f1tenth_ws/install/vesc/share/vesc/local_setup.dsv
[0.796s] -- Up-to-date: /home/cav330/f1tenth_ws/install/vesc/share/vesc/package.dsv
[0.798s] -- Up-to-date: /home/cav330/f1tenth_ws/install/vesc/share/ament_index/resource_index/packages/vesc
[0.798s] -- Up-to-date: /home/cav330/f1tenth_ws/install/vesc/share/vesc/cmake/vescConfig.cmake
[0.799s] -- Up-to-date: /home/cav330/f1tenth_ws/install/vesc/share/vesc/cmake/vescConfig-version.cmake
[0.799s] -- Up-to-date: /home/cav330/f1tenth_ws/install/vesc/share/vesc/package.xml
[0.814s] Invoked command in '/home/cav330/f1tenth_ws/build/vesc' returned '0': AMENT_PREFIX_PATH=/home/cav330/f1tenth_ws/install/vesc_driver:/home/cav330/f1tenth_ws/install/vesc_ackermann:/home/cav330/f1tenth_ws/install/vesc_msgs:${AMENT_PREFIX_PATH} CMAKE_PREFIX_PATH=/home/cav330/f1tenth_ws/install/vesc_driver:/home/cav330/f1tenth_ws/install/vesc_ackermann:/home/cav330/f1tenth_ws/install/vesc_msgs:/opt/ros/foxy LD_LIBRARY_PATH=/home/cav330/f1tenth_ws/install/vesc_driver/lib:/home/cav330/f1tenth_ws/install/vesc_ackermann/lib:/home/cav330/f1tenth_ws/install/vesc_msgs/lib:/opt/ros/foxy/opt/yaml_cpp_vendor/lib:/opt/ros/foxy/opt/rviz_ogre_vendor/lib:/opt/ros/foxy/lib/aarch64-linux-gnu:/opt/ros/foxy/lib:/usr/local/cuda-11.4/lib64 PYTHONPATH=/home/cav330/f1tenth_ws/install/vesc_msgs/lib/python3.8/site-packages:${PYTHONPATH} /usr/bin/cmake --install /home/cav330/f1tenth_ws/build/vesc
