[0.207s] Invoking command in '/home/cav330/f1tenth_ws/build/teleop_tools_msgs': CMAKE_PREFIX_PATH=${CMAKE_PREFIX_PATH}:/home/cav330/f1tenth_ws/install/f1tenth_stack:/home/cav330/f1tenth_ws/install/joy_teleop:/home/cav330/f1tenth_ws/install/mouse_teleop:/home/cav330/f1tenth_ws/install/key_teleop:/home/cav330/f1tenth_ws/install/f1tenth_gym_ros:/opt/ros/foxy NX_CONNECTION=192.168.33.135 50807 192.168.33.130 4000 /usr/bin/cmake --build /home/cav330/f1tenth_ws/build/teleop_tools_msgs -- -j4 -l4
[1.953s] [  3%] Built target teleop_tools_msgs__cpp
[1.954s] [ 12%] Built target teleop_tools_msgs__rosidl_generator_c
[1.954s] [ 22%] Built target teleop_tools_msgs__rosidl_typesupport_introspection_cpp
[1.954s] [ 32%] Built target teleop_tools_msgs__rosidl_typesupport_introspection_c
[1.954s] [ 41%] Built target teleop_tools_msgs__rosidl_typesupport_fastrtps_cpp
[1.955s] [ 51%] Built target teleop_tools_msgs__rosidl_typesupport_cpp
[1.955s] [ 61%] Built target teleop_tools_msgs__rosidl_typesupport_fastrtps_c
[1.955s] [ 70%] Built target teleop_tools_msgs__rosidl_typesupport_c
[1.956s] [ 70%] Built target teleop_tools_msgs
[1.956s] [ 74%] Built target teleop_tools_msgs__py
[1.956s] [ 80%] Built target teleop_tools_msgs__python
[1.957s] [ 87%] Built target teleop_tools_msgs__rosidl_typesupport_introspection_c__pyext
[1.957s] [ 93%] Built target teleop_tools_msgs__rosidl_typesupport_c__pyext
[2.013s] [100%] Built target teleop_tools_msgs__rosidl_typesupport_fastrtps_c__pyext
[2.146s] Invoked command in '/home/cav330/f1tenth_ws/build/teleop_tools_msgs' returned '0': CMAKE_PREFIX_PATH=${CMAKE_PREFIX_PATH}:/home/cav330/f1tenth_ws/install/f1tenth_stack:/home/cav330/f1tenth_ws/install/joy_teleop:/home/cav330/f1tenth_ws/install/mouse_teleop:/home/cav330/f1tenth_ws/install/key_teleop:/home/cav330/f1tenth_ws/install/f1tenth_gym_ros:/opt/ros/foxy NX_CONNECTION=192.168.33.135 50807 192.168.33.130 4000 /usr/bin/cmake --build /home/cav330/f1tenth_ws/build/teleop_tools_msgs -- -j4 -l4
[2.153s] Invoking command in '/home/cav330/f1tenth_ws/build/teleop_tools_msgs': CMAKE_PREFIX_PATH=${CMAKE_PREFIX_PATH}:/home/cav330/f1tenth_ws/install/f1tenth_stack:/home/cav330/f1tenth_ws/install/joy_teleop:/home/cav330/f1tenth_ws/install/mouse_teleop:/home/cav330/f1tenth_ws/install/key_teleop:/home/cav330/f1tenth_ws/install/f1tenth_gym_ros:/opt/ros/foxy NX_CONNECTION=192.168.33.135 50807 192.168.33.130 4000 /usr/bin/cmake --install /home/cav330/f1tenth_ws/build/teleop_tools_msgs
[2.251s] -- Install configuration: ""
[2.252s] -- Up-to-date: /home/cav330/f1tenth_ws/install/teleop_tools_msgs/share/ament_index/resource_index/rosidl_interfaces/teleop_tools_msgs
[2.253s] -- Up-to-date: /home/cav330/f1tenth_ws/install/teleop_tools_msgs/include/teleop_tools_msgs
[2.254s] -- Up-to-date: /home/cav330/f1tenth_ws/install/teleop_tools_msgs/include/teleop_tools_msgs/msg
[2.257s] -- Up-to-date: /home/cav330/f1tenth_ws/install/teleop_tools_msgs/include/teleop_tools_msgs/msg/rosidl_generator_c__visibility_control.h
[2.262s] -- Up-to-date: /home/cav330/f1tenth_ws/install/teleop_tools_msgs/include/teleop_tools_msgs/action
[2.262s] -- Up-to-date: /home/cav330/f1tenth_ws/install/teleop_tools_msgs/include/teleop_tools_msgs/action/increment.h
[2.262s] -- Up-to-date: /home/cav330/f1tenth_ws/install/teleop_tools_msgs/include/teleop_tools_msgs/action/detail
[2.263s] -- Up-to-date: /home/cav330/f1tenth_ws/install/teleop_tools_msgs/include/teleop_tools_msgs/action/detail/increment__struct.h
[2.263s] -- Up-to-date: /home/cav330/f1tenth_ws/install/teleop_tools_msgs/include/teleop_tools_msgs/action/detail/increment__functions.h
[2.263s] -- Up-to-date: /home/cav330/f1tenth_ws/install/teleop_tools_msgs/include/teleop_tools_msgs/action/detail/increment__type_support.h
[2.264s] -- Up-to-date: /home/cav330/f1tenth_ws/install/teleop_tools_msgs/include/teleop_tools_msgs/action/detail/increment__functions.c
[2.264s] -- Up-to-date: /home/cav330/f1tenth_ws/install/teleop_tools_msgs/share/teleop_tools_msgs/environment/library_path.sh
[2.267s] -- Up-to-date: /home/cav330/f1tenth_ws/install/teleop_tools_msgs/share/teleop_tools_msgs/environment/library_path.dsv
[2.267s] -- Up-to-date: /home/cav330/f1tenth_ws/install/teleop_tools_msgs/lib/libteleop_tools_msgs__rosidl_generator_c.so
[2.267s] -- Up-to-date: /home/cav330/f1tenth_ws/install/teleop_tools_msgs/include/teleop_tools_msgs
[2.268s] -- Up-to-date: /home/cav330/f1tenth_ws/install/teleop_tools_msgs/include/teleop_tools_msgs/msg
[2.269s] -- Up-to-date: /home/cav330/f1tenth_ws/install/teleop_tools_msgs/include/teleop_tools_msgs/msg/rosidl_typesupport_fastrtps_c__visibility_control.h
[2.270s] -- Up-to-date: /home/cav330/f1tenth_ws/install/teleop_tools_msgs/include/teleop_tools_msgs/action
[2.270s] -- Up-to-date: /home/cav330/f1tenth_ws/install/teleop_tools_msgs/include/teleop_tools_msgs/action/detail
[2.270s] -- Up-to-date: /home/cav330/f1tenth_ws/install/teleop_tools_msgs/include/teleop_tools_msgs/action/detail/increment__rosidl_typesupport_fastrtps_c.h
[2.271s] -- Up-to-date: /home/cav330/f1tenth_ws/install/teleop_tools_msgs/lib/libteleop_tools_msgs__rosidl_typesupport_fastrtps_c.so
[2.271s] -- Up-to-date: /home/cav330/f1tenth_ws/install/teleop_tools_msgs/include/teleop_tools_msgs
[2.271s] -- Up-to-date: /home/cav330/f1tenth_ws/install/teleop_tools_msgs/include/teleop_tools_msgs/msg
[2.271s] -- Up-to-date: /home/cav330/f1tenth_ws/install/teleop_tools_msgs/include/teleop_tools_msgs/msg/rosidl_typesupport_fastrtps_cpp__visibility_control.h
[2.272s] -- Up-to-date: /home/cav330/f1tenth_ws/install/teleop_tools_msgs/include/teleop_tools_msgs/action
[2.272s] -- Up-to-date: /home/cav330/f1tenth_ws/install/teleop_tools_msgs/include/teleop_tools_msgs/action/detail
[2.272s] -- Up-to-date: /home/cav330/f1tenth_ws/install/teleop_tools_msgs/include/teleop_tools_msgs/action/detail/dds_fastrtps
[2.273s] -- Up-to-date: /home/cav330/f1tenth_ws/install/teleop_tools_msgs/include/teleop_tools_msgs/action/detail/increment__rosidl_typesupport_fastrtps_cpp.hpp
[2.273s] -- Up-to-date: /home/cav330/f1tenth_ws/install/teleop_tools_msgs/lib/libteleop_tools_msgs__rosidl_typesupport_fastrtps_cpp.so
[2.273s] -- Up-to-date: /home/cav330/f1tenth_ws/install/teleop_tools_msgs/include/teleop_tools_msgs
[2.274s] -- Up-to-date: /home/cav330/f1tenth_ws/install/teleop_tools_msgs/include/teleop_tools_msgs/msg
[2.274s] -- Up-to-date: /home/cav330/f1tenth_ws/install/teleop_tools_msgs/include/teleop_tools_msgs/msg/rosidl_typesupport_introspection_c__visibility_control.h
[2.274s] -- Up-to-date: /home/cav330/f1tenth_ws/install/teleop_tools_msgs/include/teleop_tools_msgs/action
[2.275s] -- Up-to-date: /home/cav330/f1tenth_ws/install/teleop_tools_msgs/include/teleop_tools_msgs/action/detail
[2.275s] -- Up-to-date: /home/cav330/f1tenth_ws/install/teleop_tools_msgs/include/teleop_tools_msgs/action/detail/increment__rosidl_typesupport_introspection_c.h
[2.275s] -- Up-to-date: /home/cav330/f1tenth_ws/install/teleop_tools_msgs/include/teleop_tools_msgs/action/detail/increment__type_support.c
[2.276s] -- Up-to-date: /home/cav330/f1tenth_ws/install/teleop_tools_msgs/lib/libteleop_tools_msgs__rosidl_typesupport_introspection_c.so
[2.276s] -- Up-to-date: /home/cav330/f1tenth_ws/install/teleop_tools_msgs/lib/libteleop_tools_msgs__rosidl_typesupport_c.so
[2.276s] -- Up-to-date: /home/cav330/f1tenth_ws/install/teleop_tools_msgs/include/teleop_tools_msgs
[2.277s] -- Up-to-date: /home/cav330/f1tenth_ws/install/teleop_tools_msgs/include/teleop_tools_msgs/msg
[2.277s] -- Up-to-date: /home/cav330/f1tenth_ws/install/teleop_tools_msgs/include/teleop_tools_msgs/msg/rosidl_generator_cpp__visibility_control.hpp
[2.295s] -- Up-to-date: /home/cav330/f1tenth_ws/install/teleop_tools_msgs/include/teleop_tools_msgs/action
[2.296s] -- Up-to-date: /home/cav330/f1tenth_ws/install/teleop_tools_msgs/include/teleop_tools_msgs/action/increment.hpp
[2.297s] -- Up-to-date: /home/cav330/f1tenth_ws/install/teleop_tools_msgs/include/teleop_tools_msgs/action/detail
[2.297s] -- Up-to-date: /home/cav330/f1tenth_ws/install/teleop_tools_msgs/include/teleop_tools_msgs/action/detail/increment__builder.hpp
[2.300s] -- Up-to-date: /home/cav330/f1tenth_ws/install/teleop_tools_msgs/include/teleop_tools_msgs/action/detail/increment__type_support.hpp
[2.300s] -- Up-to-date: /home/cav330/f1tenth_ws/install/teleop_tools_msgs/include/teleop_tools_msgs/action/detail/increment__traits.hpp
[2.301s] -- Up-to-date: /home/cav330/f1tenth_ws/install/teleop_tools_msgs/include/teleop_tools_msgs/action/detail/increment__struct.hpp
[2.301s] -- Up-to-date: /home/cav330/f1tenth_ws/install/teleop_tools_msgs/include/teleop_tools_msgs
[2.302s] -- Up-to-date: /home/cav330/f1tenth_ws/install/teleop_tools_msgs/include/teleop_tools_msgs/action
[2.303s] -- Up-to-date: /home/cav330/f1tenth_ws/install/teleop_tools_msgs/include/teleop_tools_msgs/action/detail
[2.305s] -- Up-to-date: /home/cav330/f1tenth_ws/install/teleop_tools_msgs/include/teleop_tools_msgs/action/detail/increment__type_support.cpp
[2.306s] -- Up-to-date: /home/cav330/f1tenth_ws/install/teleop_tools_msgs/include/teleop_tools_msgs/action/detail/increment__rosidl_typesupport_introspection_cpp.hpp
[2.306s] -- Up-to-date: /home/cav330/f1tenth_ws/install/teleop_tools_msgs/lib/libteleop_tools_msgs__rosidl_typesupport_introspection_cpp.so
[2.308s] -- Up-to-date: /home/cav330/f1tenth_ws/install/teleop_tools_msgs/lib/libteleop_tools_msgs__rosidl_typesupport_cpp.so
[2.313s] -- Up-to-date: /home/cav330/f1tenth_ws/install/teleop_tools_msgs/share/teleop_tools_msgs/environment/pythonpath.sh
[2.314s] -- Up-to-date: /home/cav330/f1tenth_ws/install/teleop_tools_msgs/share/teleop_tools_msgs/environment/pythonpath.dsv
[2.316s] -- Up-to-date: /home/cav330/f1tenth_ws/install/teleop_tools_msgs/lib/python3.8/site-packages/teleop_tools_msgs/__init__.py
[2.468s] -- Up-to-date: /home/cav330/f1tenth_ws/install/teleop_tools_msgs/lib/python3.8/site-packages/teleop_tools_msgs/action
[2.469s] -- Up-to-date: /home/cav330/f1tenth_ws/install/teleop_tools_msgs/lib/python3.8/site-packages/teleop_tools_msgs/action/_increment.py
[2.469s] -- Up-to-date: /home/cav330/f1tenth_ws/install/teleop_tools_msgs/lib/python3.8/site-packages/teleop_tools_msgs/action/__init__.py
[2.469s] -- Up-to-date: /home/cav330/f1tenth_ws/install/teleop_tools_msgs/lib/python3.8/site-packages/teleop_tools_msgs/action/_increment_s.c
[2.471s] -- Up-to-date: /home/cav330/f1tenth_ws/install/teleop_tools_msgs/lib/python3.8/site-packages/teleop_tools_msgs/teleop_tools_msgs_s__rosidl_typesupport_fastrtps_c.cpython-38-aarch64-linux-gnu.so
[2.476s] -- Up-to-date: /home/cav330/f1tenth_ws/install/teleop_tools_msgs/lib/python3.8/site-packages/teleop_tools_msgs/teleop_tools_msgs_s__rosidl_typesupport_introspection_c.cpython-38-aarch64-linux-gnu.so
[2.484s] -- Up-to-date: /home/cav330/f1tenth_ws/install/teleop_tools_msgs/lib/python3.8/site-packages/teleop_tools_msgs/teleop_tools_msgs_s__rosidl_typesupport_c.cpython-38-aarch64-linux-gnu.so
[2.486s] -- Up-to-date: /home/cav330/f1tenth_ws/install/teleop_tools_msgs/lib/libteleop_tools_msgs__python.so
[2.487s] -- Up-to-date: /home/cav330/f1tenth_ws/install/teleop_tools_msgs/share/teleop_tools_msgs/action/Increment.idl
[2.487s] -- Up-to-date: /home/cav330/f1tenth_ws/install/teleop_tools_msgs/share/teleop_tools_msgs/action/Increment.action
[2.488s] -- Up-to-date: /home/cav330/f1tenth_ws/install/teleop_tools_msgs/share/ament_index/resource_index/package_run_dependencies/teleop_tools_msgs
[2.489s] -- Up-to-date: /home/cav330/f1tenth_ws/install/teleop_tools_msgs/share/ament_index/resource_index/parent_prefix_path/teleop_tools_msgs
[2.490s] -- Up-to-date: /home/cav330/f1tenth_ws/install/teleop_tools_msgs/share/teleop_tools_msgs/environment/ament_prefix_path.sh
[2.490s] -- Up-to-date: /home/cav330/f1tenth_ws/install/teleop_tools_msgs/share/teleop_tools_msgs/environment/ament_prefix_path.dsv
[2.490s] -- Up-to-date: /home/cav330/f1tenth_ws/install/teleop_tools_msgs/share/teleop_tools_msgs/environment/path.sh
[2.491s] -- Up-to-date: /home/cav330/f1tenth_ws/install/teleop_tools_msgs/share/teleop_tools_msgs/environment/path.dsv
[2.494s] -- Up-to-date: /home/cav330/f1tenth_ws/install/teleop_tools_msgs/share/teleop_tools_msgs/local_setup.bash
[2.494s] -- Up-to-date: /home/cav330/f1tenth_ws/install/teleop_tools_msgs/share/teleop_tools_msgs/local_setup.sh
[2.495s] -- Up-to-date: /home/cav330/f1tenth_ws/install/teleop_tools_msgs/share/teleop_tools_msgs/local_setup.zsh
[2.497s] -- Up-to-date: /home/cav330/f1tenth_ws/install/teleop_tools_msgs/share/teleop_tools_msgs/local_setup.dsv
[2.503s] -- Installing: /home/cav330/f1tenth_ws/install/teleop_tools_msgs/share/teleop_tools_msgs/package.dsv
[2.503s] -- Up-to-date: /home/cav330/f1tenth_ws/install/teleop_tools_msgs/share/ament_index/resource_index/packages/teleop_tools_msgs
[2.504s] -- Up-to-date: /home/cav330/f1tenth_ws/install/teleop_tools_msgs/share/teleop_tools_msgs/cmake/teleop_tools_msgs__rosidl_generator_cExport.cmake
[2.504s] -- Up-to-date: /home/cav330/f1tenth_ws/install/teleop_tools_msgs/share/teleop_tools_msgs/cmake/teleop_tools_msgs__rosidl_generator_cExport-noconfig.cmake
[2.505s] -- Up-to-date: /home/cav330/f1tenth_ws/install/teleop_tools_msgs/share/teleop_tools_msgs/cmake/teleop_tools_msgs__rosidl_typesupport_introspection_cExport.cmake
[2.506s] -- Up-to-date: /home/cav330/f1tenth_ws/install/teleop_tools_msgs/share/teleop_tools_msgs/cmake/teleop_tools_msgs__rosidl_typesupport_introspection_cExport-noconfig.cmake
[2.507s] -- Up-to-date: /home/cav330/f1tenth_ws/install/teleop_tools_msgs/share/teleop_tools_msgs/cmake/teleop_tools_msgs__rosidl_typesupport_cExport.cmake
[2.507s] -- Up-to-date: /home/cav330/f1tenth_ws/install/teleop_tools_msgs/share/teleop_tools_msgs/cmake/teleop_tools_msgs__rosidl_typesupport_cExport-noconfig.cmake
[2.508s] -- Up-to-date: /home/cav330/f1tenth_ws/install/teleop_tools_msgs/share/teleop_tools_msgs/cmake/teleop_tools_msgs__rosidl_generator_cppExport.cmake
[2.508s] -- Up-to-date: /home/cav330/f1tenth_ws/install/teleop_tools_msgs/share/teleop_tools_msgs/cmake/teleop_tools_msgs__rosidl_typesupport_introspection_cppExport.cmake
[2.508s] -- Up-to-date: /home/cav330/f1tenth_ws/install/teleop_tools_msgs/share/teleop_tools_msgs/cmake/teleop_tools_msgs__rosidl_typesupport_introspection_cppExport-noconfig.cmake
[2.509s] -- Up-to-date: /home/cav330/f1tenth_ws/install/teleop_tools_msgs/share/teleop_tools_msgs/cmake/teleop_tools_msgs__rosidl_typesupport_cppExport.cmake
[2.509s] -- Up-to-date: /home/cav330/f1tenth_ws/install/teleop_tools_msgs/share/teleop_tools_msgs/cmake/teleop_tools_msgs__rosidl_typesupport_cppExport-noconfig.cmake
[2.509s] -- Up-to-date: /home/cav330/f1tenth_ws/install/teleop_tools_msgs/share/teleop_tools_msgs/cmake/rosidl_cmake-extras.cmake
[2.511s] -- Up-to-date: /home/cav330/f1tenth_ws/install/teleop_tools_msgs/share/teleop_tools_msgs/cmake/ament_cmake_export_dependencies-extras.cmake
[2.511s] -- Up-to-date: /home/cav330/f1tenth_ws/install/teleop_tools_msgs/share/teleop_tools_msgs/cmake/ament_cmake_export_libraries-extras.cmake
[2.512s] -- Up-to-date: /home/cav330/f1tenth_ws/install/teleop_tools_msgs/share/teleop_tools_msgs/cmake/ament_cmake_export_targets-extras.cmake
[2.526s] -- Up-to-date: /home/cav330/f1tenth_ws/install/teleop_tools_msgs/share/teleop_tools_msgs/cmake/ament_cmake_export_include_directories-extras.cmake
[2.526s] -- Up-to-date: /home/cav330/f1tenth_ws/install/teleop_tools_msgs/share/teleop_tools_msgs/cmake/rosidl_cmake_export_typesupport_libraries-extras.cmake
[2.527s] -- Up-to-date: /home/cav330/f1tenth_ws/install/teleop_tools_msgs/share/teleop_tools_msgs/cmake/rosidl_cmake_export_typesupport_targets-extras.cmake
[2.527s] -- Up-to-date: /home/cav330/f1tenth_ws/install/teleop_tools_msgs/share/teleop_tools_msgs/cmake/teleop_tools_msgsConfig.cmake
[2.527s] -- Up-to-date: /home/cav330/f1tenth_ws/install/teleop_tools_msgs/share/teleop_tools_msgs/cmake/teleop_tools_msgsConfig-version.cmake
[2.528s] -- Up-to-date: /home/cav330/f1tenth_ws/install/teleop_tools_msgs/share/teleop_tools_msgs/package.xml
[2.565s] Invoked command in '/home/cav330/f1tenth_ws/build/teleop_tools_msgs' returned '0': CMAKE_PREFIX_PATH=${CMAKE_PREFIX_PATH}:/home/cav330/f1tenth_ws/install/f1tenth_stack:/home/cav330/f1tenth_ws/install/joy_teleop:/home/cav330/f1tenth_ws/install/mouse_teleop:/home/cav330/f1tenth_ws/install/key_teleop:/home/cav330/f1tenth_ws/install/f1tenth_gym_ros:/opt/ros/foxy NX_CONNECTION=192.168.33.135 50807 192.168.33.130 4000 /usr/bin/cmake --install /home/cav330/f1tenth_ws/build/teleop_tools_msgs
