[5.082s] Invoking command in '/home/cav330/f1tenth_ws/src/f1tenth_system/teleop_tools/mouse_teleop': PYTHONPATH=/home/cav330/f1tenth_ws/build/mouse_teleop/prefix_override:/usr/lib/python3/dist-packages/colcon_core/task/python/colcon_distutils_commands:/home/cav330/f1tenth_ws/install/mouse_teleop/lib/python3.8/site-packages:${PYTHONPATH} /usr/bin/python3 -W ignore:setup.py install is deprecated -W ignore:easy_install command is deprecated setup.py egg_info --egg-base ../../../../build/mouse_teleop build --build-base /home/cav330/f1tenth_ws/build/mouse_teleop/build install --record /home/cav330/f1tenth_ws/build/mouse_teleop/install.log --install-scripts $base/lib/mouse_teleop --single-version-externally-managed install_data
[6.909s] running egg_info
[6.912s] creating ../../../../build/mouse_teleop/mouse_teleop.egg-info
[6.913s] writing ../../../../build/mouse_teleop/mouse_teleop.egg-info/PKG-INFO
[6.914s] writing dependency_links to ../../../../build/mouse_teleop/mouse_teleop.egg-info/dependency_links.txt
[6.915s] writing entry points to ../../../../build/mouse_teleop/mouse_teleop.egg-info/entry_points.txt
[6.916s] writing requirements to ../../../../build/mouse_teleop/mouse_teleop.egg-info/requires.txt
[6.916s] writing top-level names to ../../../../build/mouse_teleop/mouse_teleop.egg-info/top_level.txt
[6.925s] writing manifest file '../../../../build/mouse_teleop/mouse_teleop.egg-info/SOURCES.txt'
[7.198s] reading manifest file '../../../../build/mouse_teleop/mouse_teleop.egg-info/SOURCES.txt'
[7.204s] writing manifest file '../../../../build/mouse_teleop/mouse_teleop.egg-info/SOURCES.txt'
[7.216s] running build
[7.217s] running build_py
[7.223s] creating /home/cav330/f1tenth_ws/build/mouse_teleop/build
[7.225s] creating /home/cav330/f1tenth_ws/build/mouse_teleop/build/lib
[7.226s] creating /home/cav330/f1tenth_ws/build/mouse_teleop/build/lib/mouse_teleop
[7.226s] copying mouse_teleop/__init__.py -> /home/cav330/f1tenth_ws/build/mouse_teleop/build/lib/mouse_teleop
[7.227s] copying mouse_teleop/mouse_teleop.py -> /home/cav330/f1tenth_ws/build/mouse_teleop/build/lib/mouse_teleop
[7.229s] running install
[7.237s] running install_lib
[7.241s] creating /home/cav330/f1tenth_ws/install/mouse_teleop/lib/python3.8/site-packages/mouse_teleop
[7.242s] copying /home/cav330/f1tenth_ws/build/mouse_teleop/build/lib/mouse_teleop/__init__.py -> /home/cav330/f1tenth_ws/install/mouse_teleop/lib/python3.8/site-packages/mouse_teleop
[7.243s] copying /home/cav330/f1tenth_ws/build/mouse_teleop/build/lib/mouse_teleop/mouse_teleop.py -> /home/cav330/f1tenth_ws/install/mouse_teleop/lib/python3.8/site-packages/mouse_teleop
[7.247s] byte-compiling /home/cav330/f1tenth_ws/install/mouse_teleop/lib/python3.8/site-packages/mouse_teleop/__init__.py to __init__.cpython-38.pyc
[7.251s] byte-compiling /home/cav330/f1tenth_ws/install/mouse_teleop/lib/python3.8/site-packages/mouse_teleop/mouse_teleop.py to mouse_teleop.cpython-38.pyc
[7.257s] running install_data
[7.258s] copying package.xml -> /home/cav330/f1tenth_ws/install/mouse_teleop/share/mouse_teleop
[7.258s] creating /home/cav330/f1tenth_ws/install/mouse_teleop/share/mouse_teleop/config
[7.259s] copying config/mouse_teleop.yaml -> /home/cav330/f1tenth_ws/install/mouse_teleop/share/mouse_teleop/config
[7.259s] creating /home/cav330/f1tenth_ws/install/mouse_teleop/share/mouse_teleop/launch
[7.262s] copying launch/mouse_teleop.launch.py -> /home/cav330/f1tenth_ws/install/mouse_teleop/share/mouse_teleop/launch
[7.263s] creating /home/cav330/f1tenth_ws/install/mouse_teleop/share/ament_index
[7.263s] creating /home/cav330/f1tenth_ws/install/mouse_teleop/share/ament_index/resource_index
[7.264s] creating /home/cav330/f1tenth_ws/install/mouse_teleop/share/ament_index/resource_index/packages
[7.264s] copying resource/mouse_teleop -> /home/cav330/f1tenth_ws/install/mouse_teleop/share/ament_index/resource_index/packages
[7.264s] running install_egg_info
[7.282s] Copying ../../../../build/mouse_teleop/mouse_teleop.egg-info to /home/cav330/f1tenth_ws/install/mouse_teleop/lib/python3.8/site-packages/mouse_teleop-0.3.0-py3.8.egg-info
[7.288s] running install_scripts
[7.422s] Installing mouse_teleop script to /home/cav330/f1tenth_ws/install/mouse_teleop/lib/mouse_teleop
[7.423s] writing list of installed files to '/home/cav330/f1tenth_ws/build/mouse_teleop/install.log'
[7.573s] Invoked command in '/home/cav330/f1tenth_ws/src/f1tenth_system/teleop_tools/mouse_teleop' returned '0': PYTHONPATH=/home/cav330/f1tenth_ws/build/mouse_teleop/prefix_override:/usr/lib/python3/dist-packages/colcon_core/task/python/colcon_distutils_commands:/home/cav330/f1tenth_ws/install/mouse_teleop/lib/python3.8/site-packages:${PYTHONPATH} /usr/bin/python3 -W ignore:setup.py install is deprecated -W ignore:easy_install command is deprecated setup.py egg_info --egg-base ../../../../build/mouse_teleop build --build-base /home/cav330/f1tenth_ws/build/mouse_teleop/build install --record /home/cav330/f1tenth_ws/build/mouse_teleop/install.log --install-scripts $base/lib/mouse_teleop --single-version-externally-managed install_data
