[0.358s] Invoking command in '/home/cav330/f1tenth_ws/build/safety_node': CMAKE_PREFIX_PATH=${CMAKE_PREFIX_PATH}:/home/cav330/f1tenth_ws/install/f1tenth_stack:/home/cav330/f1tenth_ws/install/joy_teleop:/home/cav330/f1tenth_ws/install/mouse_teleop:/home/cav330/f1tenth_ws/install/key_teleop:/home/cav330/f1tenth_ws/install/f1tenth_gym_ros:/opt/ros/foxy /usr/bin/cmake --build /home/cav330/f1tenth_ws/build/safety_node -- -j4 -l4
[1.004s] [100%] Built target safety_node
[1.129s] Invoked command in '/home/cav330/f1tenth_ws/build/safety_node' returned '0': CMAKE_PREFIX_PATH=${CMAKE_PREFIX_PATH}:/home/cav330/f1tenth_ws/install/f1tenth_stack:/home/cav330/f1tenth_ws/install/joy_teleop:/home/cav330/f1tenth_ws/install/mouse_teleop:/home/cav330/f1tenth_ws/install/key_teleop:/home/cav330/f1tenth_ws/install/f1tenth_gym_ros:/opt/ros/foxy /usr/bin/cmake --build /home/cav330/f1tenth_ws/build/safety_node -- -j4 -l4
[1.139s] Invoking command in '/home/cav330/f1tenth_ws/build/safety_node': CMAKE_PREFIX_PATH=${CMAKE_PREFIX_PATH}:/home/cav330/f1tenth_ws/install/f1tenth_stack:/home/cav330/f1tenth_ws/install/joy_teleop:/home/cav330/f1tenth_ws/install/mouse_teleop:/home/cav330/f1tenth_ws/install/key_teleop:/home/cav330/f1tenth_ws/install/f1tenth_gym_ros:/opt/ros/foxy /usr/bin/cmake --install /home/cav330/f1tenth_ws/build/safety_node
[1.231s] -- Install configuration: ""
[1.245s] -- Up-to-date: /home/cav330/f1tenth_ws/install/safety_node/lib/safety_node/safety_node
[1.247s] -- Up-to-date: /home/cav330/f1tenth_ws/install/safety_node/share/safety_node/launch
[1.253s] -- Up-to-date: /home/cav330/f1tenth_ws/install/safety_node/share/safety_node/launch/safety_node_hardware_launch.py
[1.253s] -- Up-to-date: /home/cav330/f1tenth_ws/install/safety_node/share/safety_node/launch/safety_node_launch.py
[1.254s] -- Up-to-date: /home/cav330/f1tenth_ws/install/safety_node/share/safety_node/config
[1.254s] -- Installing: /home/cav330/f1tenth_ws/install/safety_node/share/safety_node/config/hardware_params.yaml
[1.257s] -- Up-to-date: /home/cav330/f1tenth_ws/install/safety_node/share/ament_index/resource_index/package_run_dependencies/safety_node
[1.257s] -- Up-to-date: /home/cav330/f1tenth_ws/install/safety_node/share/ament_index/resource_index/parent_prefix_path/safety_node
[1.259s] -- Up-to-date: /home/cav330/f1tenth_ws/install/safety_node/share/safety_node/environment/ament_prefix_path.sh
[1.259s] -- Up-to-date: /home/cav330/f1tenth_ws/install/safety_node/share/safety_node/environment/ament_prefix_path.dsv
[1.259s] -- Up-to-date: /home/cav330/f1tenth_ws/install/safety_node/share/safety_node/environment/path.sh
[1.260s] -- Up-to-date: /home/cav330/f1tenth_ws/install/safety_node/share/safety_node/environment/path.dsv
[1.260s] -- Up-to-date: /home/cav330/f1tenth_ws/install/safety_node/share/safety_node/local_setup.bash
[1.260s] -- Up-to-date: /home/cav330/f1tenth_ws/install/safety_node/share/safety_node/local_setup.sh
[1.261s] -- Up-to-date: /home/cav330/f1tenth_ws/install/safety_node/share/safety_node/local_setup.zsh
[1.261s] -- Up-to-date: /home/cav330/f1tenth_ws/install/safety_node/share/safety_node/local_setup.dsv
[1.261s] -- Installing: /home/cav330/f1tenth_ws/install/safety_node/share/safety_node/package.dsv
[1.265s] -- Up-to-date: /home/cav330/f1tenth_ws/install/safety_node/share/ament_index/resource_index/packages/safety_node
[1.274s] -- Up-to-date: /home/cav330/f1tenth_ws/install/safety_node/share/safety_node/cmake/safety_nodeConfig.cmake
[1.274s] -- Up-to-date: /home/cav330/f1tenth_ws/install/safety_node/share/safety_node/cmake/safety_nodeConfig-version.cmake
[1.283s] -- Up-to-date: /home/cav330/f1tenth_ws/install/safety_node/share/safety_node/package.xml
[1.294s] Invoked command in '/home/cav330/f1tenth_ws/build/safety_node' returned '0': CMAKE_PREFIX_PATH=${CMAKE_PREFIX_PATH}:/home/cav330/f1tenth_ws/install/f1tenth_stack:/home/cav330/f1tenth_ws/install/joy_teleop:/home/cav330/f1tenth_ws/install/mouse_teleop:/home/cav330/f1tenth_ws/install/key_teleop:/home/cav330/f1tenth_ws/install/f1tenth_gym_ros:/opt/ros/foxy /usr/bin/cmake --install /home/cav330/f1tenth_ws/build/safety_node
