[0.172s] Invoking command in '/home/cav330/f1tenth_ws/build/vesc_msgs': NX_CONNECTION=192.168.33.135 50807 192.168.33.130 4000 /usr/bin/cmake --build /home/cav330/f1tenth_ws/build/vesc_msgs -- -j4 -l4
[1.630s] [  1%] Built target vesc_msgs__cpp
[1.631s] [ 12%] Built target vesc_msgs__rosidl_generator_c
[1.631s] [ 23%] Built target vesc_msgs__rosidl_typesupport_cpp
[1.631s] [ 41%] Built target vesc_msgs__rosidl_typesupport_introspection_cpp
[1.632s] [ 45%] Built target vesc_msgs__rosidl_typesupport_fastrtps_cpp
[1.632s] [ 56%] Built target vesc_msgs__rosidl_typesupport_c
[1.633s] [ 67%] Built target vesc_msgs__rosidl_typesupport_introspection_c
[1.633s] [ 78%] Built target vesc_msgs__rosidl_typesupport_fastrtps_c
[1.633s] [ 78%] Built target vesc_msgs
[1.634s] [ 80%] Built target vesc_msgs__py
[1.708s] [ 89%] Built target vesc_msgs__python
[1.958s] [ 92%] Built target vesc_msgs__rosidl_typesupport_fastrtps_c__pyext
[2.001s] [ 96%] Built target vesc_msgs__rosidl_typesupport_introspection_c__pyext
[2.011s] [100%] Built target vesc_msgs__rosidl_typesupport_c__pyext
[2.162s] Invoked command in '/home/cav330/f1tenth_ws/build/vesc_msgs' returned '0': NX_CONNECTION=192.168.33.135 50807 192.168.33.130 4000 /usr/bin/cmake --build /home/cav330/f1tenth_ws/build/vesc_msgs -- -j4 -l4
[2.205s] Invoking command in '/home/cav330/f1tenth_ws/build/vesc_msgs': NX_CONNECTION=192.168.33.135 50807 192.168.33.130 4000 /usr/bin/cmake --install /home/cav330/f1tenth_ws/build/vesc_msgs
[2.262s] -- Install configuration: ""
[2.263s] -- Up-to-date: /home/cav330/f1tenth_ws/install/vesc_msgs/share/ament_index/resource_index/rosidl_interfaces/vesc_msgs
[2.264s] -- Up-to-date: /home/cav330/f1tenth_ws/install/vesc_msgs/include/vesc_msgs
[2.264s] -- Up-to-date: /home/cav330/f1tenth_ws/install/vesc_msgs/include/vesc_msgs/msg
[2.264s] -- Up-to-date: /home/cav330/f1tenth_ws/install/vesc_msgs/include/vesc_msgs/msg/vesc_state.h
[2.265s] -- Up-to-date: /home/cav330/f1tenth_ws/install/vesc_msgs/include/vesc_msgs/msg/vesc_state_stamped.h
[2.265s] -- Up-to-date: /home/cav330/f1tenth_ws/install/vesc_msgs/include/vesc_msgs/msg/rosidl_generator_c__visibility_control.h
[2.266s] -- Up-to-date: /home/cav330/f1tenth_ws/install/vesc_msgs/include/vesc_msgs/msg/vesc_imu_stamped.h
[2.266s] -- Up-to-date: /home/cav330/f1tenth_ws/install/vesc_msgs/include/vesc_msgs/msg/vesc_imu.h
[2.267s] -- Up-to-date: /home/cav330/f1tenth_ws/install/vesc_msgs/include/vesc_msgs/msg/detail
[2.267s] -- Up-to-date: /home/cav330/f1tenth_ws/install/vesc_msgs/include/vesc_msgs/msg/detail/vesc_imu_stamped__functions.c
[2.268s] -- Up-to-date: /home/cav330/f1tenth_ws/install/vesc_msgs/include/vesc_msgs/msg/detail/vesc_imu__functions.h
[2.269s] -- Up-to-date: /home/cav330/f1tenth_ws/install/vesc_msgs/include/vesc_msgs/msg/detail/vesc_state_stamped__type_support.h
[2.269s] -- Up-to-date: /home/cav330/f1tenth_ws/install/vesc_msgs/include/vesc_msgs/msg/detail/vesc_imu__struct.h
[2.269s] -- Up-to-date: /home/cav330/f1tenth_ws/install/vesc_msgs/include/vesc_msgs/msg/detail/vesc_state_stamped__functions.h
[2.270s] -- Up-to-date: /home/cav330/f1tenth_ws/install/vesc_msgs/include/vesc_msgs/msg/detail/vesc_imu__functions.c
[2.270s] -- Up-to-date: /home/cav330/f1tenth_ws/install/vesc_msgs/include/vesc_msgs/msg/detail/vesc_imu_stamped__type_support.h
[2.270s] -- Up-to-date: /home/cav330/f1tenth_ws/install/vesc_msgs/include/vesc_msgs/msg/detail/vesc_imu_stamped__struct.h
[2.271s] -- Up-to-date: /home/cav330/f1tenth_ws/install/vesc_msgs/include/vesc_msgs/msg/detail/vesc_state__functions.h
[2.271s] -- Up-to-date: /home/cav330/f1tenth_ws/install/vesc_msgs/include/vesc_msgs/msg/detail/vesc_imu_stamped__functions.h
[2.278s] -- Up-to-date: /home/cav330/f1tenth_ws/install/vesc_msgs/include/vesc_msgs/msg/detail/vesc_state__type_support.h
[2.280s] -- Up-to-date: /home/cav330/f1tenth_ws/install/vesc_msgs/include/vesc_msgs/msg/detail/vesc_imu__type_support.h
[2.280s] -- Up-to-date: /home/cav330/f1tenth_ws/install/vesc_msgs/include/vesc_msgs/msg/detail/vesc_state__struct.h
[2.281s] -- Up-to-date: /home/cav330/f1tenth_ws/install/vesc_msgs/include/vesc_msgs/msg/detail/vesc_state_stamped__struct.h
[2.281s] -- Up-to-date: /home/cav330/f1tenth_ws/install/vesc_msgs/include/vesc_msgs/msg/detail/vesc_state_stamped__functions.c
[2.282s] -- Up-to-date: /home/cav330/f1tenth_ws/install/vesc_msgs/include/vesc_msgs/msg/detail/vesc_state__functions.c
[2.282s] -- Up-to-date: /home/cav330/f1tenth_ws/install/vesc_msgs/share/vesc_msgs/environment/library_path.sh
[2.282s] -- Up-to-date: /home/cav330/f1tenth_ws/install/vesc_msgs/share/vesc_msgs/environment/library_path.dsv
[2.283s] -- Up-to-date: /home/cav330/f1tenth_ws/install/vesc_msgs/lib/libvesc_msgs__rosidl_generator_c.so
[2.283s] -- Up-to-date: /home/cav330/f1tenth_ws/install/vesc_msgs/include/vesc_msgs
[2.283s] -- Up-to-date: /home/cav330/f1tenth_ws/install/vesc_msgs/include/vesc_msgs/msg
[2.284s] -- Up-to-date: /home/cav330/f1tenth_ws/install/vesc_msgs/include/vesc_msgs/msg/rosidl_typesupport_fastrtps_c__visibility_control.h
[2.284s] -- Up-to-date: /home/cav330/f1tenth_ws/install/vesc_msgs/include/vesc_msgs/msg/detail
[2.285s] -- Up-to-date: /home/cav330/f1tenth_ws/install/vesc_msgs/include/vesc_msgs/msg/detail/vesc_state_stamped__rosidl_typesupport_fastrtps_c.h
[2.285s] -- Up-to-date: /home/cav330/f1tenth_ws/install/vesc_msgs/include/vesc_msgs/msg/detail/vesc_imu__rosidl_typesupport_fastrtps_c.h
[2.289s] -- Up-to-date: /home/cav330/f1tenth_ws/install/vesc_msgs/include/vesc_msgs/msg/detail/vesc_imu_stamped__rosidl_typesupport_fastrtps_c.h
[2.290s] -- Up-to-date: /home/cav330/f1tenth_ws/install/vesc_msgs/include/vesc_msgs/msg/detail/vesc_state__rosidl_typesupport_fastrtps_c.h
[2.290s] -- Up-to-date: /home/cav330/f1tenth_ws/install/vesc_msgs/lib/libvesc_msgs__rosidl_typesupport_fastrtps_c.so
[2.291s] -- Up-to-date: /home/cav330/f1tenth_ws/install/vesc_msgs/include/vesc_msgs
[2.291s] -- Up-to-date: /home/cav330/f1tenth_ws/install/vesc_msgs/include/vesc_msgs/msg
[2.291s] -- Up-to-date: /home/cav330/f1tenth_ws/install/vesc_msgs/include/vesc_msgs/msg/rosidl_typesupport_fastrtps_cpp__visibility_control.h
[2.292s] -- Up-to-date: /home/cav330/f1tenth_ws/install/vesc_msgs/include/vesc_msgs/msg/detail
[2.292s] -- Up-to-date: /home/cav330/f1tenth_ws/install/vesc_msgs/include/vesc_msgs/msg/detail/vesc_state_stamped__rosidl_typesupport_fastrtps_cpp.hpp
[2.292s] -- Up-to-date: /home/cav330/f1tenth_ws/install/vesc_msgs/include/vesc_msgs/msg/detail/vesc_imu_stamped__rosidl_typesupport_fastrtps_cpp.hpp
[2.293s] -- Up-to-date: /home/cav330/f1tenth_ws/install/vesc_msgs/include/vesc_msgs/msg/detail/dds_fastrtps
[2.298s] -- Up-to-date: /home/cav330/f1tenth_ws/install/vesc_msgs/include/vesc_msgs/msg/detail/vesc_imu__rosidl_typesupport_fastrtps_cpp.hpp
[2.299s] -- Up-to-date: /home/cav330/f1tenth_ws/install/vesc_msgs/include/vesc_msgs/msg/detail/vesc_state__rosidl_typesupport_fastrtps_cpp.hpp
[2.300s] -- Up-to-date: /home/cav330/f1tenth_ws/install/vesc_msgs/lib/libvesc_msgs__rosidl_typesupport_fastrtps_cpp.so
[2.301s] -- Up-to-date: /home/cav330/f1tenth_ws/install/vesc_msgs/include/vesc_msgs
[2.304s] -- Up-to-date: /home/cav330/f1tenth_ws/install/vesc_msgs/include/vesc_msgs/msg
[2.305s] -- Up-to-date: /home/cav330/f1tenth_ws/install/vesc_msgs/include/vesc_msgs/msg/rosidl_typesupport_introspection_c__visibility_control.h
[2.307s] -- Up-to-date: /home/cav330/f1tenth_ws/install/vesc_msgs/include/vesc_msgs/msg/detail
[2.307s] -- Up-to-date: /home/cav330/f1tenth_ws/install/vesc_msgs/include/vesc_msgs/msg/detail/vesc_imu__type_support.c
[2.308s] -- Up-to-date: /home/cav330/f1tenth_ws/install/vesc_msgs/include/vesc_msgs/msg/detail/vesc_imu_stamped__type_support.c
[2.314s] -- Up-to-date: /home/cav330/f1tenth_ws/install/vesc_msgs/include/vesc_msgs/msg/detail/vesc_imu_stamped__rosidl_typesupport_introspection_c.h
[2.314s] -- Up-to-date: /home/cav330/f1tenth_ws/install/vesc_msgs/include/vesc_msgs/msg/detail/vesc_state_stamped__rosidl_typesupport_introspection_c.h
[2.315s] -- Up-to-date: /home/cav330/f1tenth_ws/install/vesc_msgs/include/vesc_msgs/msg/detail/vesc_imu__rosidl_typesupport_introspection_c.h
[2.315s] -- Up-to-date: /home/cav330/f1tenth_ws/install/vesc_msgs/include/vesc_msgs/msg/detail/vesc_state_stamped__type_support.c
[2.315s] -- Up-to-date: /home/cav330/f1tenth_ws/install/vesc_msgs/include/vesc_msgs/msg/detail/vesc_state__rosidl_typesupport_introspection_c.h
[2.316s] -- Up-to-date: /home/cav330/f1tenth_ws/install/vesc_msgs/include/vesc_msgs/msg/detail/vesc_state__type_support.c
[2.317s] -- Up-to-date: /home/cav330/f1tenth_ws/install/vesc_msgs/lib/libvesc_msgs__rosidl_typesupport_introspection_c.so
[2.319s] -- Up-to-date: /home/cav330/f1tenth_ws/install/vesc_msgs/lib/libvesc_msgs__rosidl_typesupport_c.so
[2.327s] -- Up-to-date: /home/cav330/f1tenth_ws/install/vesc_msgs/include/vesc_msgs
[2.337s] -- Up-to-date: /home/cav330/f1tenth_ws/install/vesc_msgs/include/vesc_msgs/msg
[2.338s] -- Up-to-date: /home/cav330/f1tenth_ws/install/vesc_msgs/include/vesc_msgs/msg/vesc_imu.hpp
[2.338s] -- Up-to-date: /home/cav330/f1tenth_ws/install/vesc_msgs/include/vesc_msgs/msg/vesc_state_stamped.hpp
[2.346s] -- Up-to-date: /home/cav330/f1tenth_ws/install/vesc_msgs/include/vesc_msgs/msg/vesc_imu_stamped.hpp
[2.347s] -- Up-to-date: /home/cav330/f1tenth_ws/install/vesc_msgs/include/vesc_msgs/msg/vesc_state.hpp
[2.348s] -- Up-to-date: /home/cav330/f1tenth_ws/install/vesc_msgs/include/vesc_msgs/msg/rosidl_generator_cpp__visibility_control.hpp
[2.348s] -- Up-to-date: /home/cav330/f1tenth_ws/install/vesc_msgs/include/vesc_msgs/msg/detail
[2.349s] -- Up-to-date: /home/cav330/f1tenth_ws/install/vesc_msgs/include/vesc_msgs/msg/detail/vesc_state__builder.hpp
[2.349s] -- Up-to-date: /home/cav330/f1tenth_ws/install/vesc_msgs/include/vesc_msgs/msg/detail/vesc_state_stamped__struct.hpp
[2.349s] -- Up-to-date: /home/cav330/f1tenth_ws/install/vesc_msgs/include/vesc_msgs/msg/detail/vesc_imu_stamped__type_support.hpp
[2.349s] -- Up-to-date: /home/cav330/f1tenth_ws/install/vesc_msgs/include/vesc_msgs/msg/detail/vesc_state__type_support.hpp
[2.350s] -- Up-to-date: /home/cav330/f1tenth_ws/install/vesc_msgs/include/vesc_msgs/msg/detail/vesc_imu_stamped__traits.hpp
[2.351s] -- Up-to-date: /home/cav330/f1tenth_ws/install/vesc_msgs/include/vesc_msgs/msg/detail/vesc_imu_stamped__struct.hpp
[2.351s] -- Up-to-date: /home/cav330/f1tenth_ws/install/vesc_msgs/include/vesc_msgs/msg/detail/vesc_imu__traits.hpp
[2.351s] -- Up-to-date: /home/cav330/f1tenth_ws/install/vesc_msgs/include/vesc_msgs/msg/detail/vesc_imu_stamped__builder.hpp
[2.352s] -- Up-to-date: /home/cav330/f1tenth_ws/install/vesc_msgs/include/vesc_msgs/msg/detail/vesc_state_stamped__traits.hpp
[2.352s] -- Up-to-date: /home/cav330/f1tenth_ws/install/vesc_msgs/include/vesc_msgs/msg/detail/vesc_state_stamped__type_support.hpp
[2.353s] -- Up-to-date: /home/cav330/f1tenth_ws/install/vesc_msgs/include/vesc_msgs/msg/detail/vesc_state_stamped__builder.hpp
[2.354s] -- Up-to-date: /home/cav330/f1tenth_ws/install/vesc_msgs/include/vesc_msgs/msg/detail/vesc_imu__type_support.hpp
[2.355s] -- Up-to-date: /home/cav330/f1tenth_ws/install/vesc_msgs/include/vesc_msgs/msg/detail/vesc_imu__builder.hpp
[2.355s] -- Up-to-date: /home/cav330/f1tenth_ws/install/vesc_msgs/include/vesc_msgs/msg/detail/vesc_imu__struct.hpp
[2.355s] -- Up-to-date: /home/cav330/f1tenth_ws/install/vesc_msgs/include/vesc_msgs/msg/detail/vesc_state__traits.hpp
[2.356s] -- Up-to-date: /home/cav330/f1tenth_ws/install/vesc_msgs/include/vesc_msgs/msg/detail/vesc_state__struct.hpp
[2.356s] -- Up-to-date: /home/cav330/f1tenth_ws/install/vesc_msgs/include/vesc_msgs
[2.356s] -- Up-to-date: /home/cav330/f1tenth_ws/install/vesc_msgs/include/vesc_msgs/msg
[2.357s] -- Up-to-date: /home/cav330/f1tenth_ws/install/vesc_msgs/include/vesc_msgs/msg/detail
[2.357s] -- Up-to-date: /home/cav330/f1tenth_ws/install/vesc_msgs/include/vesc_msgs/msg/detail/vesc_state_stamped__type_support.cpp
[2.358s] -- Up-to-date: /home/cav330/f1tenth_ws/install/vesc_msgs/include/vesc_msgs/msg/detail/vesc_imu_stamped__type_support.cpp
[2.359s] -- Up-to-date: /home/cav330/f1tenth_ws/install/vesc_msgs/include/vesc_msgs/msg/detail/vesc_state__rosidl_typesupport_introspection_cpp.hpp
[2.360s] -- Up-to-date: /home/cav330/f1tenth_ws/install/vesc_msgs/include/vesc_msgs/msg/detail/vesc_state_stamped__rosidl_typesupport_introspection_cpp.hpp
[2.360s] -- Up-to-date: /home/cav330/f1tenth_ws/install/vesc_msgs/include/vesc_msgs/msg/detail/vesc_imu__type_support.cpp
[2.361s] -- Up-to-date: /home/cav330/f1tenth_ws/install/vesc_msgs/include/vesc_msgs/msg/detail/vesc_imu__rosidl_typesupport_introspection_cpp.hpp
[2.373s] -- Up-to-date: /home/cav330/f1tenth_ws/install/vesc_msgs/include/vesc_msgs/msg/detail/vesc_imu_stamped__rosidl_typesupport_introspection_cpp.hpp
[2.373s] -- Up-to-date: /home/cav330/f1tenth_ws/install/vesc_msgs/include/vesc_msgs/msg/detail/vesc_state__type_support.cpp
[2.373s] -- Up-to-date: /home/cav330/f1tenth_ws/install/vesc_msgs/lib/libvesc_msgs__rosidl_typesupport_introspection_cpp.so
[2.378s] -- Up-to-date: /home/cav330/f1tenth_ws/install/vesc_msgs/lib/libvesc_msgs__rosidl_typesupport_cpp.so
[2.379s] -- Up-to-date: /home/cav330/f1tenth_ws/install/vesc_msgs/share/vesc_msgs/environment/pythonpath.sh
[2.379s] -- Up-to-date: /home/cav330/f1tenth_ws/install/vesc_msgs/share/vesc_msgs/environment/pythonpath.dsv
[2.381s] -- Up-to-date: /home/cav330/f1tenth_ws/install/vesc_msgs/lib/python3.8/site-packages/vesc_msgs/__init__.py
[2.526s] -- Up-to-date: /home/cav330/f1tenth_ws/install/vesc_msgs/lib/python3.8/site-packages/vesc_msgs/msg
[2.527s] -- Up-to-date: /home/cav330/f1tenth_ws/install/vesc_msgs/lib/python3.8/site-packages/vesc_msgs/msg/_vesc_state_s.c
[2.527s] -- Up-to-date: /home/cav330/f1tenth_ws/install/vesc_msgs/lib/python3.8/site-packages/vesc_msgs/msg/_vesc_imu_stamped.py
[2.528s] -- Up-to-date: /home/cav330/f1tenth_ws/install/vesc_msgs/lib/python3.8/site-packages/vesc_msgs/msg/_vesc_imu.py
[2.528s] -- Up-to-date: /home/cav330/f1tenth_ws/install/vesc_msgs/lib/python3.8/site-packages/vesc_msgs/msg/_vesc_imu_s.c
[2.529s] -- Up-to-date: /home/cav330/f1tenth_ws/install/vesc_msgs/lib/python3.8/site-packages/vesc_msgs/msg/__init__.py
[2.529s] -- Up-to-date: /home/cav330/f1tenth_ws/install/vesc_msgs/lib/python3.8/site-packages/vesc_msgs/msg/_vesc_state_stamped_s.c
[2.529s] -- Up-to-date: /home/cav330/f1tenth_ws/install/vesc_msgs/lib/python3.8/site-packages/vesc_msgs/msg/_vesc_state_stamped.py
[2.530s] -- Up-to-date: /home/cav330/f1tenth_ws/install/vesc_msgs/lib/python3.8/site-packages/vesc_msgs/msg/_vesc_state.py
[2.530s] -- Up-to-date: /home/cav330/f1tenth_ws/install/vesc_msgs/lib/python3.8/site-packages/vesc_msgs/msg/_vesc_imu_stamped_s.c
[2.532s] -- Up-to-date: /home/cav330/f1tenth_ws/install/vesc_msgs/lib/python3.8/site-packages/vesc_msgs/vesc_msgs_s__rosidl_typesupport_fastrtps_c.cpython-38-aarch64-linux-gnu.so
[2.544s] -- Up-to-date: /home/cav330/f1tenth_ws/install/vesc_msgs/lib/python3.8/site-packages/vesc_msgs/vesc_msgs_s__rosidl_typesupport_introspection_c.cpython-38-aarch64-linux-gnu.so
[2.548s] -- Up-to-date: /home/cav330/f1tenth_ws/install/vesc_msgs/lib/python3.8/site-packages/vesc_msgs/vesc_msgs_s__rosidl_typesupport_c.cpython-38-aarch64-linux-gnu.so
[2.554s] -- Up-to-date: /home/cav330/f1tenth_ws/install/vesc_msgs/lib/libvesc_msgs__python.so
[2.557s] -- Up-to-date: /home/cav330/f1tenth_ws/install/vesc_msgs/share/vesc_msgs/msg/VescState.idl
[2.558s] -- Up-to-date: /home/cav330/f1tenth_ws/install/vesc_msgs/share/vesc_msgs/msg/VescStateStamped.idl
[2.559s] -- Up-to-date: /home/cav330/f1tenth_ws/install/vesc_msgs/share/vesc_msgs/msg/VescImu.idl
[2.560s] -- Up-to-date: /home/cav330/f1tenth_ws/install/vesc_msgs/share/vesc_msgs/msg/VescImuStamped.idl
[2.562s] -- Up-to-date: /home/cav330/f1tenth_ws/install/vesc_msgs/share/vesc_msgs/msg/VescState.msg
[2.563s] -- Up-to-date: /home/cav330/f1tenth_ws/install/vesc_msgs/share/vesc_msgs/msg/VescStateStamped.msg
[2.568s] -- Up-to-date: /home/cav330/f1tenth_ws/install/vesc_msgs/share/vesc_msgs/msg/VescImu.msg
[2.569s] -- Up-to-date: /home/cav330/f1tenth_ws/install/vesc_msgs/share/vesc_msgs/msg/VescImuStamped.msg
[2.570s] -- Up-to-date: /home/cav330/f1tenth_ws/install/vesc_msgs/share/ament_index/resource_index/package_run_dependencies/vesc_msgs
[2.579s] -- Up-to-date: /home/cav330/f1tenth_ws/install/vesc_msgs/share/ament_index/resource_index/parent_prefix_path/vesc_msgs
[2.580s] -- Up-to-date: /home/cav330/f1tenth_ws/install/vesc_msgs/share/vesc_msgs/environment/ament_prefix_path.sh
[2.580s] -- Up-to-date: /home/cav330/f1tenth_ws/install/vesc_msgs/share/vesc_msgs/environment/ament_prefix_path.dsv
[2.581s] -- Up-to-date: /home/cav330/f1tenth_ws/install/vesc_msgs/share/vesc_msgs/environment/path.sh
[2.589s] -- Up-to-date: /home/cav330/f1tenth_ws/install/vesc_msgs/share/vesc_msgs/environment/path.dsv
[2.591s] -- Up-to-date: /home/cav330/f1tenth_ws/install/vesc_msgs/share/vesc_msgs/local_setup.bash
[2.592s] -- Up-to-date: /home/cav330/f1tenth_ws/install/vesc_msgs/share/vesc_msgs/local_setup.sh
[2.592s] -- Up-to-date: /home/cav330/f1tenth_ws/install/vesc_msgs/share/vesc_msgs/local_setup.zsh
[2.592s] -- Up-to-date: /home/cav330/f1tenth_ws/install/vesc_msgs/share/vesc_msgs/local_setup.dsv
[2.600s] -- Installing: /home/cav330/f1tenth_ws/install/vesc_msgs/share/vesc_msgs/package.dsv
[2.603s] -- Up-to-date: /home/cav330/f1tenth_ws/install/vesc_msgs/share/ament_index/resource_index/packages/vesc_msgs
[2.604s] -- Up-to-date: /home/cav330/f1tenth_ws/install/vesc_msgs/share/vesc_msgs/cmake/vesc_msgs__rosidl_generator_cExport.cmake
[2.605s] -- Up-to-date: /home/cav330/f1tenth_ws/install/vesc_msgs/share/vesc_msgs/cmake/vesc_msgs__rosidl_generator_cExport-noconfig.cmake
[2.611s] -- Up-to-date: /home/cav330/f1tenth_ws/install/vesc_msgs/share/vesc_msgs/cmake/vesc_msgs__rosidl_typesupport_introspection_cExport.cmake
[2.612s] -- Up-to-date: /home/cav330/f1tenth_ws/install/vesc_msgs/share/vesc_msgs/cmake/vesc_msgs__rosidl_typesupport_introspection_cExport-noconfig.cmake
[2.612s] -- Up-to-date: /home/cav330/f1tenth_ws/install/vesc_msgs/share/vesc_msgs/cmake/vesc_msgs__rosidl_typesupport_cExport.cmake
[2.612s] -- Up-to-date: /home/cav330/f1tenth_ws/install/vesc_msgs/share/vesc_msgs/cmake/vesc_msgs__rosidl_typesupport_cExport-noconfig.cmake
[2.614s] -- Up-to-date: /home/cav330/f1tenth_ws/install/vesc_msgs/share/vesc_msgs/cmake/vesc_msgs__rosidl_generator_cppExport.cmake
[2.615s] -- Up-to-date: /home/cav330/f1tenth_ws/install/vesc_msgs/share/vesc_msgs/cmake/vesc_msgs__rosidl_typesupport_introspection_cppExport.cmake
[2.616s] -- Up-to-date: /home/cav330/f1tenth_ws/install/vesc_msgs/share/vesc_msgs/cmake/vesc_msgs__rosidl_typesupport_introspection_cppExport-noconfig.cmake
[2.616s] -- Up-to-date: /home/cav330/f1tenth_ws/install/vesc_msgs/share/vesc_msgs/cmake/vesc_msgs__rosidl_typesupport_cppExport.cmake
[2.616s] -- Up-to-date: /home/cav330/f1tenth_ws/install/vesc_msgs/share/vesc_msgs/cmake/vesc_msgs__rosidl_typesupport_cppExport-noconfig.cmake
[2.617s] -- Up-to-date: /home/cav330/f1tenth_ws/install/vesc_msgs/share/vesc_msgs/cmake/rosidl_cmake-extras.cmake
[2.617s] -- Up-to-date: /home/cav330/f1tenth_ws/install/vesc_msgs/share/vesc_msgs/cmake/ament_cmake_export_dependencies-extras.cmake
[2.617s] -- Up-to-date: /home/cav330/f1tenth_ws/install/vesc_msgs/share/vesc_msgs/cmake/ament_cmake_export_libraries-extras.cmake
[2.618s] -- Up-to-date: /home/cav330/f1tenth_ws/install/vesc_msgs/share/vesc_msgs/cmake/ament_cmake_export_targets-extras.cmake
[2.619s] -- Up-to-date: /home/cav330/f1tenth_ws/install/vesc_msgs/share/vesc_msgs/cmake/ament_cmake_export_include_directories-extras.cmake
[2.619s] -- Up-to-date: /home/cav330/f1tenth_ws/install/vesc_msgs/share/vesc_msgs/cmake/rosidl_cmake_export_typesupport_libraries-extras.cmake
[2.619s] -- Up-to-date: /home/cav330/f1tenth_ws/install/vesc_msgs/share/vesc_msgs/cmake/rosidl_cmake_export_typesupport_targets-extras.cmake
[2.620s] -- Up-to-date: /home/cav330/f1tenth_ws/install/vesc_msgs/share/vesc_msgs/cmake/vesc_msgsConfig.cmake
[2.620s] -- Up-to-date: /home/cav330/f1tenth_ws/install/vesc_msgs/share/vesc_msgs/cmake/vesc_msgsConfig-version.cmake
[2.620s] -- Up-to-date: /home/cav330/f1tenth_ws/install/vesc_msgs/share/vesc_msgs/package.xml
[3.437s] Invoked command in '/home/cav330/f1tenth_ws/build/vesc_msgs' returned '0': NX_CONNECTION=192.168.33.135 50807 192.168.33.130 4000 /usr/bin/cmake --install /home/cav330/f1tenth_ws/build/vesc_msgs
