[0.313s] Invoking command in '/home/cav330/f1tenth_ws/build/safety_node': CMAKE_PREFIX_PATH=/opt/ros/foxy /usr/bin/cmake /home/cav330/f1tenth_ws/src/safety_node -DCMAKE_INSTALL_PREFIX=/home/cav330/f1tenth_ws/install/safety_node
[0.993s] -- The C compiler identification is GNU 9.4.0
[1.455s] -- The CXX compiler identification is GNU 9.4.0
[1.479s] -- Check for working C compiler: /usr/bin/cc
[2.067s] -- Check for working C compiler: /usr/bin/cc -- works
[2.073s] -- Detecting C compiler ABI info
[2.909s] -- Detecting C compiler ABI info - done
[3.001s] -- Detecting C compile features
[3.005s] -- Detecting C compile features - done
[3.033s] -- Check for working CXX compiler: /usr/bin/c++
[3.646s] -- Check for working CXX compiler: /usr/bin/c++ -- works
[3.661s] -- Detecting CXX compiler ABI info
[4.542s] -- Detecting CXX compiler ABI info - done
[4.628s] -- Detecting CXX compile features
[4.630s] -- Detecting CXX compile features - done
[4.641s] -- Found ament_cmake: 0.9.12 (/opt/ros/foxy/share/ament_cmake/cmake)
[4.781s] -- Found PythonInterp: /usr/bin/python3 (found suitable version "3.8.10", minimum required is "3") 
[4.781s] -- Using PYTHON_EXECUTABLE: /usr/bin/python3
[6.039s] -- Found rclcpp: 2.4.3 (/opt/ros/foxy/share/rclcpp/cmake)
[6.254s] -- Using all available rosidl_typesupport_c: rosidl_typesupport_fastrtps_c;rosidl_typesupport_introspection_c
[6.293s] -- Found rosidl_adapter: 1.3.1 (/opt/ros/foxy/share/rosidl_adapter/cmake)
[6.888s] -- Found OpenSSL: /usr/lib/aarch64-linux-gnu/libcrypto.so (found version "1.1.1f")  
[7.032s] -- Found FastRTPS: /opt/ros/foxy/include  
[7.440s] -- Using all available rosidl_typesupport_cpp: rosidl_typesupport_fastrtps_cpp;rosidl_typesupport_introspection_cpp
[7.708s] -- Found rmw_implementation_cmake: 1.0.4 (/opt/ros/foxy/share/rmw_implementation_cmake/cmake)
[7.714s] -- Using RMW implementation 'rmw_fastrtps_cpp' as default
[7.719s] -- Looking for pthread.h
[8.169s] -- Looking for pthread.h - found
[8.175s] -- Performing Test CMAKE_HAVE_LIBC_PTHREAD
[8.722s] -- Performing Test CMAKE_HAVE_LIBC_PTHREAD - Failed
[8.723s] -- Looking for pthread_create in pthreads
[9.155s] -- Looking for pthread_create in pthreads - not found
[9.157s] -- Looking for pthread_create in pthread
[9.668s] -- Looking for pthread_create in pthread - found
[9.684s] -- Found Threads: TRUE  
[10.338s] -- Found sensor_msgs: 2.0.5 (/opt/ros/foxy/share/sensor_msgs/cmake)
[10.776s] -- Found nav_msgs: 2.0.5 (/opt/ros/foxy/share/nav_msgs/cmake)
[11.021s] -- Found ackermann_msgs: 2.0.2 (/opt/ros/foxy/share/ackermann_msgs/cmake)
[11.453s] -- Configuring done
[11.505s] -- Generating done
[11.531s] -- Build files have been written to: /home/cav330/f1tenth_ws/build/safety_node
[11.582s] Invoked command in '/home/cav330/f1tenth_ws/build/safety_node' returned '0': CMAKE_PREFIX_PATH=/opt/ros/foxy /usr/bin/cmake /home/cav330/f1tenth_ws/src/safety_node -DCMAKE_INSTALL_PREFIX=/home/cav330/f1tenth_ws/install/safety_node
[11.585s] Invoking command in '/home/cav330/f1tenth_ws/build/safety_node': CMAKE_PREFIX_PATH=/opt/ros/foxy /usr/bin/cmake --build /home/cav330/f1tenth_ws/build/safety_node -- -j4 -l4
[11.880s] [35m[1mScanning dependencies of target safety_node[0m
[12.166s] [ 50%] [32mBuilding CXX object CMakeFiles/safety_node.dir/src/safety_node.cpp.o[0m
[39.629s] [100%] [32m[1mLinking CXX executable safety_node[0m
[40.981s] [100%] Built target safety_node
[41.041s] Invoked command in '/home/cav330/f1tenth_ws/build/safety_node' returned '0': CMAKE_PREFIX_PATH=/opt/ros/foxy /usr/bin/cmake --build /home/cav330/f1tenth_ws/build/safety_node -- -j4 -l4
[41.052s] Invoking command in '/home/cav330/f1tenth_ws/build/safety_node': CMAKE_PREFIX_PATH=/opt/ros/foxy /usr/bin/cmake --install /home/cav330/f1tenth_ws/build/safety_node
[41.099s] -- Install configuration: ""
[41.101s] -- Installing: /home/cav330/f1tenth_ws/install/safety_node/lib/safety_node/safety_node
[41.143s] -- Set runtime path of "/home/cav330/f1tenth_ws/install/safety_node/lib/safety_node/safety_node" to ""
[41.144s] -- Installing: /home/cav330/f1tenth_ws/install/safety_node/share/safety_node/launch
[41.144s] -- Installing: /home/cav330/f1tenth_ws/install/safety_node/share/safety_node/launch/safety_node_hardware_launch.py
[41.145s] -- Installing: /home/cav330/f1tenth_ws/install/safety_node/share/safety_node/launch/safety_node_launch.py
[41.145s] -- Installing: /home/cav330/f1tenth_ws/install/safety_node/share/safety_node/config
[41.146s] -- Installing: /home/cav330/f1tenth_ws/install/safety_node/share/safety_node/config/hardware_params.yaml
[41.147s] -- Installing: /home/cav330/f1tenth_ws/install/safety_node/share/ament_index/resource_index/package_run_dependencies/safety_node
[41.148s] -- Installing: /home/cav330/f1tenth_ws/install/safety_node/share/ament_index/resource_index/parent_prefix_path/safety_node
[41.150s] -- Installing: /home/cav330/f1tenth_ws/install/safety_node/share/safety_node/environment/ament_prefix_path.sh
[41.150s] -- Installing: /home/cav330/f1tenth_ws/install/safety_node/share/safety_node/environment/ament_prefix_path.dsv
[41.151s] -- Installing: /home/cav330/f1tenth_ws/install/safety_node/share/safety_node/environment/path.sh
[41.152s] -- Installing: /home/cav330/f1tenth_ws/install/safety_node/share/safety_node/environment/path.dsv
[41.153s] -- Installing: /home/cav330/f1tenth_ws/install/safety_node/share/safety_node/local_setup.bash
[41.154s] -- Installing: /home/cav330/f1tenth_ws/install/safety_node/share/safety_node/local_setup.sh
[41.154s] -- Installing: /home/cav330/f1tenth_ws/install/safety_node/share/safety_node/local_setup.zsh
[41.155s] -- Installing: /home/cav330/f1tenth_ws/install/safety_node/share/safety_node/local_setup.dsv
[41.156s] -- Installing: /home/cav330/f1tenth_ws/install/safety_node/share/safety_node/package.dsv
[41.157s] -- Installing: /home/cav330/f1tenth_ws/install/safety_node/share/ament_index/resource_index/packages/safety_node
[41.158s] -- Installing: /home/cav330/f1tenth_ws/install/safety_node/share/safety_node/cmake/safety_nodeConfig.cmake
[41.159s] -- Installing: /home/cav330/f1tenth_ws/install/safety_node/share/safety_node/cmake/safety_nodeConfig-version.cmake
[41.159s] -- Installing: /home/cav330/f1tenth_ws/install/safety_node/share/safety_node/package.xml
[41.170s] Invoked command in '/home/cav330/f1tenth_ws/build/safety_node' returned '0': CMAKE_PREFIX_PATH=/opt/ros/foxy /usr/bin/cmake --install /home/cav330/f1tenth_ws/build/safety_node
