[0.246s] Invoking command in '/home/cav330/f1tenth_ws/build/teleop_tools_msgs': CMAKE_PREFIX_PATH=${CMAKE_PREFIX_PATH}:/home/cav330/f1tenth_ws/install/f1tenth_stack:/home/cav330/f1tenth_ws/install/joy_teleop:/home/cav330/f1tenth_ws/install/mouse_teleop:/home/cav330/f1tenth_ws/install/key_teleop:/home/cav330/f1tenth_ws/install/f1tenth_gym_ros:/opt/ros/foxy NX_CONNECTION=192.168.33.135 50807 192.168.33.130 4000 /usr/bin/cmake --build /home/cav330/f1tenth_ws/build/teleop_tools_msgs -- -j4 -l4
[1.755s] [  3%] Built target teleop_tools_msgs__cpp
[1.756s] [ 12%] Built target teleop_tools_msgs__rosidl_generator_c
[1.757s] [ 22%] Built target teleop_tools_msgs__rosidl_typesupport_cpp
[1.758s] [ 32%] Built target teleop_tools_msgs__rosidl_typesupport_introspection_cpp
[1.764s] [ 41%] Built target teleop_tools_msgs__rosidl_typesupport_fastrtps_cpp
[1.765s] [ 51%] Built target teleop_tools_msgs__rosidl_typesupport_introspection_c
[1.766s] [ 61%] Built target teleop_tools_msgs__rosidl_typesupport_c
[1.766s] [ 70%] Built target teleop_tools_msgs__rosidl_typesupport_fastrtps_c
[1.767s] [ 70%] Built target teleop_tools_msgs
[1.807s] [ 74%] Built target teleop_tools_msgs__py
[2.008s] [ 80%] Built target teleop_tools_msgs__python
[2.423s] [ 87%] Built target teleop_tools_msgs__rosidl_typesupport_fastrtps_c__pyext
[2.469s] [ 93%] Built target teleop_tools_msgs__rosidl_typesupport_introspection_c__pyext
[2.473s] [100%] Built target teleop_tools_msgs__rosidl_typesupport_c__pyext
[3.483s] Invoked command in '/home/cav330/f1tenth_ws/build/teleop_tools_msgs' returned '0': CMAKE_PREFIX_PATH=${CMAKE_PREFIX_PATH}:/home/cav330/f1tenth_ws/install/f1tenth_stack:/home/cav330/f1tenth_ws/install/joy_teleop:/home/cav330/f1tenth_ws/install/mouse_teleop:/home/cav330/f1tenth_ws/install/key_teleop:/home/cav330/f1tenth_ws/install/f1tenth_gym_ros:/opt/ros/foxy NX_CONNECTION=192.168.33.135 50807 192.168.33.130 4000 /usr/bin/cmake --build /home/cav330/f1tenth_ws/build/teleop_tools_msgs -- -j4 -l4
[3.493s] Invoking command in '/home/cav330/f1tenth_ws/build/teleop_tools_msgs': CMAKE_PREFIX_PATH=${CMAKE_PREFIX_PATH}:/home/cav330/f1tenth_ws/install/f1tenth_stack:/home/cav330/f1tenth_ws/install/joy_teleop:/home/cav330/f1tenth_ws/install/mouse_teleop:/home/cav330/f1tenth_ws/install/key_teleop:/home/cav330/f1tenth_ws/install/f1tenth_gym_ros:/opt/ros/foxy NX_CONNECTION=192.168.33.135 50807 192.168.33.130 4000 /usr/bin/cmake --install /home/cav330/f1tenth_ws/build/teleop_tools_msgs
[3.606s] -- Install configuration: ""
[3.608s] -- Up-to-date: /home/cav330/f1tenth_ws/install/teleop_tools_msgs/share/ament_index/resource_index/rosidl_interfaces/teleop_tools_msgs
[3.609s] -- Up-to-date: /home/cav330/f1tenth_ws/install/teleop_tools_msgs/include/teleop_tools_msgs
[3.609s] -- Up-to-date: /home/cav330/f1tenth_ws/install/teleop_tools_msgs/include/teleop_tools_msgs/msg
[3.609s] -- Up-to-date: /home/cav330/f1tenth_ws/install/teleop_tools_msgs/include/teleop_tools_msgs/msg/rosidl_generator_c__visibility_control.h
[3.610s] -- Up-to-date: /home/cav330/f1tenth_ws/install/teleop_tools_msgs/include/teleop_tools_msgs/action
[3.610s] -- Up-to-date: /home/cav330/f1tenth_ws/install/teleop_tools_msgs/include/teleop_tools_msgs/action/increment.h
[3.610s] -- Up-to-date: /home/cav330/f1tenth_ws/install/teleop_tools_msgs/include/teleop_tools_msgs/action/detail
[3.611s] -- Up-to-date: /home/cav330/f1tenth_ws/install/teleop_tools_msgs/include/teleop_tools_msgs/action/detail/increment__struct.h
[3.611s] -- Up-to-date: /home/cav330/f1tenth_ws/install/teleop_tools_msgs/include/teleop_tools_msgs/action/detail/increment__functions.h
[3.613s] -- Up-to-date: /home/cav330/f1tenth_ws/install/teleop_tools_msgs/include/teleop_tools_msgs/action/detail/increment__type_support.h
[3.614s] -- Up-to-date: /home/cav330/f1tenth_ws/install/teleop_tools_msgs/include/teleop_tools_msgs/action/detail/increment__functions.c
[3.615s] -- Up-to-date: /home/cav330/f1tenth_ws/install/teleop_tools_msgs/share/teleop_tools_msgs/environment/library_path.sh
[3.615s] -- Up-to-date: /home/cav330/f1tenth_ws/install/teleop_tools_msgs/share/teleop_tools_msgs/environment/library_path.dsv
[3.616s] -- Up-to-date: /home/cav330/f1tenth_ws/install/teleop_tools_msgs/lib/libteleop_tools_msgs__rosidl_generator_c.so
[3.619s] -- Up-to-date: /home/cav330/f1tenth_ws/install/teleop_tools_msgs/include/teleop_tools_msgs
[3.620s] -- Up-to-date: /home/cav330/f1tenth_ws/install/teleop_tools_msgs/include/teleop_tools_msgs/msg
[3.621s] -- Up-to-date: /home/cav330/f1tenth_ws/install/teleop_tools_msgs/include/teleop_tools_msgs/msg/rosidl_typesupport_fastrtps_c__visibility_control.h
[3.621s] -- Up-to-date: /home/cav330/f1tenth_ws/install/teleop_tools_msgs/include/teleop_tools_msgs/action
[3.626s] -- Up-to-date: /home/cav330/f1tenth_ws/install/teleop_tools_msgs/include/teleop_tools_msgs/action/detail
[3.627s] -- Up-to-date: /home/cav330/f1tenth_ws/install/teleop_tools_msgs/include/teleop_tools_msgs/action/detail/increment__rosidl_typesupport_fastrtps_c.h
[3.640s] -- Up-to-date: /home/cav330/f1tenth_ws/install/teleop_tools_msgs/lib/libteleop_tools_msgs__rosidl_typesupport_fastrtps_c.so
[3.650s] -- Up-to-date: /home/cav330/f1tenth_ws/install/teleop_tools_msgs/include/teleop_tools_msgs
[3.651s] -- Up-to-date: /home/cav330/f1tenth_ws/install/teleop_tools_msgs/include/teleop_tools_msgs/msg
[3.651s] -- Up-to-date: /home/cav330/f1tenth_ws/install/teleop_tools_msgs/include/teleop_tools_msgs/msg/rosidl_typesupport_fastrtps_cpp__visibility_control.h
[3.652s] -- Up-to-date: /home/cav330/f1tenth_ws/install/teleop_tools_msgs/include/teleop_tools_msgs/action
[3.652s] -- Up-to-date: /home/cav330/f1tenth_ws/install/teleop_tools_msgs/include/teleop_tools_msgs/action/detail
[3.652s] -- Up-to-date: /home/cav330/f1tenth_ws/install/teleop_tools_msgs/include/teleop_tools_msgs/action/detail/dds_fastrtps
[3.656s] -- Up-to-date: /home/cav330/f1tenth_ws/install/teleop_tools_msgs/include/teleop_tools_msgs/action/detail/increment__rosidl_typesupport_fastrtps_cpp.hpp
[3.664s] -- Up-to-date: /home/cav330/f1tenth_ws/install/teleop_tools_msgs/lib/libteleop_tools_msgs__rosidl_typesupport_fastrtps_cpp.so
[3.669s] -- Up-to-date: /home/cav330/f1tenth_ws/install/teleop_tools_msgs/include/teleop_tools_msgs
[3.671s] -- Up-to-date: /home/cav330/f1tenth_ws/install/teleop_tools_msgs/include/teleop_tools_msgs/msg
[3.672s] -- Up-to-date: /home/cav330/f1tenth_ws/install/teleop_tools_msgs/include/teleop_tools_msgs/msg/rosidl_typesupport_introspection_c__visibility_control.h
[3.672s] -- Up-to-date: /home/cav330/f1tenth_ws/install/teleop_tools_msgs/include/teleop_tools_msgs/action
[3.672s] -- Up-to-date: /home/cav330/f1tenth_ws/install/teleop_tools_msgs/include/teleop_tools_msgs/action/detail
[3.679s] -- Up-to-date: /home/cav330/f1tenth_ws/install/teleop_tools_msgs/include/teleop_tools_msgs/action/detail/increment__rosidl_typesupport_introspection_c.h
[3.681s] -- Up-to-date: /home/cav330/f1tenth_ws/install/teleop_tools_msgs/include/teleop_tools_msgs/action/detail/increment__type_support.c
[3.682s] -- Up-to-date: /home/cav330/f1tenth_ws/install/teleop_tools_msgs/lib/libteleop_tools_msgs__rosidl_typesupport_introspection_c.so
[3.685s] -- Up-to-date: /home/cav330/f1tenth_ws/install/teleop_tools_msgs/lib/libteleop_tools_msgs__rosidl_typesupport_c.so
[3.697s] -- Up-to-date: /home/cav330/f1tenth_ws/install/teleop_tools_msgs/include/teleop_tools_msgs
[3.698s] -- Up-to-date: /home/cav330/f1tenth_ws/install/teleop_tools_msgs/include/teleop_tools_msgs/msg
[3.706s] -- Up-to-date: /home/cav330/f1tenth_ws/install/teleop_tools_msgs/include/teleop_tools_msgs/msg/rosidl_generator_cpp__visibility_control.hpp
[3.707s] -- Up-to-date: /home/cav330/f1tenth_ws/install/teleop_tools_msgs/include/teleop_tools_msgs/action
[3.707s] -- Up-to-date: /home/cav330/f1tenth_ws/install/teleop_tools_msgs/include/teleop_tools_msgs/action/increment.hpp
[3.707s] -- Up-to-date: /home/cav330/f1tenth_ws/install/teleop_tools_msgs/include/teleop_tools_msgs/action/detail
[3.708s] -- Up-to-date: /home/cav330/f1tenth_ws/install/teleop_tools_msgs/include/teleop_tools_msgs/action/detail/increment__builder.hpp
[3.708s] -- Up-to-date: /home/cav330/f1tenth_ws/install/teleop_tools_msgs/include/teleop_tools_msgs/action/detail/increment__type_support.hpp
[3.708s] -- Up-to-date: /home/cav330/f1tenth_ws/install/teleop_tools_msgs/include/teleop_tools_msgs/action/detail/increment__traits.hpp
[3.708s] -- Up-to-date: /home/cav330/f1tenth_ws/install/teleop_tools_msgs/include/teleop_tools_msgs/action/detail/increment__struct.hpp
[3.709s] -- Up-to-date: /home/cav330/f1tenth_ws/install/teleop_tools_msgs/include/teleop_tools_msgs
[3.709s] -- Up-to-date: /home/cav330/f1tenth_ws/install/teleop_tools_msgs/include/teleop_tools_msgs/action
[3.709s] -- Up-to-date: /home/cav330/f1tenth_ws/install/teleop_tools_msgs/include/teleop_tools_msgs/action/detail
[3.710s] -- Up-to-date: /home/cav330/f1tenth_ws/install/teleop_tools_msgs/include/teleop_tools_msgs/action/detail/increment__type_support.cpp
[3.710s] -- Up-to-date: /home/cav330/f1tenth_ws/install/teleop_tools_msgs/include/teleop_tools_msgs/action/detail/increment__rosidl_typesupport_introspection_cpp.hpp
[3.710s] -- Up-to-date: /home/cav330/f1tenth_ws/install/teleop_tools_msgs/lib/libteleop_tools_msgs__rosidl_typesupport_introspection_cpp.so
[3.718s] -- Up-to-date: /home/cav330/f1tenth_ws/install/teleop_tools_msgs/lib/libteleop_tools_msgs__rosidl_typesupport_cpp.so
[3.719s] -- Up-to-date: /home/cav330/f1tenth_ws/install/teleop_tools_msgs/share/teleop_tools_msgs/environment/pythonpath.sh
[3.721s] -- Up-to-date: /home/cav330/f1tenth_ws/install/teleop_tools_msgs/share/teleop_tools_msgs/environment/pythonpath.dsv
[3.721s] -- Up-to-date: /home/cav330/f1tenth_ws/install/teleop_tools_msgs/lib/python3.8/site-packages/teleop_tools_msgs/__init__.py
[3.906s] -- Up-to-date: /home/cav330/f1tenth_ws/install/teleop_tools_msgs/lib/python3.8/site-packages/teleop_tools_msgs/action
[3.908s] -- Up-to-date: /home/cav330/f1tenth_ws/install/teleop_tools_msgs/lib/python3.8/site-packages/teleop_tools_msgs/action/_increment.py
[3.908s] -- Up-to-date: /home/cav330/f1tenth_ws/install/teleop_tools_msgs/lib/python3.8/site-packages/teleop_tools_msgs/action/__init__.py
[3.909s] -- Up-to-date: /home/cav330/f1tenth_ws/install/teleop_tools_msgs/lib/python3.8/site-packages/teleop_tools_msgs/action/_increment_s.c
[3.911s] -- Up-to-date: /home/cav330/f1tenth_ws/install/teleop_tools_msgs/lib/python3.8/site-packages/teleop_tools_msgs/teleop_tools_msgs_s__rosidl_typesupport_fastrtps_c.cpython-38-aarch64-linux-gnu.so
[3.912s] -- Up-to-date: /home/cav330/f1tenth_ws/install/teleop_tools_msgs/lib/python3.8/site-packages/teleop_tools_msgs/teleop_tools_msgs_s__rosidl_typesupport_introspection_c.cpython-38-aarch64-linux-gnu.so
[3.915s] -- Up-to-date: /home/cav330/f1tenth_ws/install/teleop_tools_msgs/lib/python3.8/site-packages/teleop_tools_msgs/teleop_tools_msgs_s__rosidl_typesupport_c.cpython-38-aarch64-linux-gnu.so
[3.919s] -- Up-to-date: /home/cav330/f1tenth_ws/install/teleop_tools_msgs/lib/libteleop_tools_msgs__python.so
[3.926s] -- Up-to-date: /home/cav330/f1tenth_ws/install/teleop_tools_msgs/share/teleop_tools_msgs/action/Increment.idl
[3.927s] -- Up-to-date: /home/cav330/f1tenth_ws/install/teleop_tools_msgs/share/teleop_tools_msgs/action/Increment.action
[3.929s] -- Up-to-date: /home/cav330/f1tenth_ws/install/teleop_tools_msgs/share/ament_index/resource_index/package_run_dependencies/teleop_tools_msgs
[3.932s] -- Up-to-date: /home/cav330/f1tenth_ws/install/teleop_tools_msgs/share/ament_index/resource_index/parent_prefix_path/teleop_tools_msgs
[3.935s] -- Up-to-date: /home/cav330/f1tenth_ws/install/teleop_tools_msgs/share/teleop_tools_msgs/environment/ament_prefix_path.sh
[3.936s] -- Up-to-date: /home/cav330/f1tenth_ws/install/teleop_tools_msgs/share/teleop_tools_msgs/environment/ament_prefix_path.dsv
[3.938s] -- Up-to-date: /home/cav330/f1tenth_ws/install/teleop_tools_msgs/share/teleop_tools_msgs/environment/path.sh
[3.940s] -- Up-to-date: /home/cav330/f1tenth_ws/install/teleop_tools_msgs/share/teleop_tools_msgs/environment/path.dsv
[3.940s] -- Up-to-date: /home/cav330/f1tenth_ws/install/teleop_tools_msgs/share/teleop_tools_msgs/local_setup.bash
[3.940s] -- Up-to-date: /home/cav330/f1tenth_ws/install/teleop_tools_msgs/share/teleop_tools_msgs/local_setup.sh
[3.941s] -- Up-to-date: /home/cav330/f1tenth_ws/install/teleop_tools_msgs/share/teleop_tools_msgs/local_setup.zsh
[3.942s] -- Up-to-date: /home/cav330/f1tenth_ws/install/teleop_tools_msgs/share/teleop_tools_msgs/local_setup.dsv
[3.942s] -- Installing: /home/cav330/f1tenth_ws/install/teleop_tools_msgs/share/teleop_tools_msgs/package.dsv
[3.966s] -- Up-to-date: /home/cav330/f1tenth_ws/install/teleop_tools_msgs/share/ament_index/resource_index/packages/teleop_tools_msgs
[3.969s] -- Up-to-date: /home/cav330/f1tenth_ws/install/teleop_tools_msgs/share/teleop_tools_msgs/cmake/teleop_tools_msgs__rosidl_generator_cExport.cmake
[3.977s] -- Up-to-date: /home/cav330/f1tenth_ws/install/teleop_tools_msgs/share/teleop_tools_msgs/cmake/teleop_tools_msgs__rosidl_generator_cExport-noconfig.cmake
[3.980s] -- Up-to-date: /home/cav330/f1tenth_ws/install/teleop_tools_msgs/share/teleop_tools_msgs/cmake/teleop_tools_msgs__rosidl_typesupport_introspection_cExport.cmake
[3.983s] -- Up-to-date: /home/cav330/f1tenth_ws/install/teleop_tools_msgs/share/teleop_tools_msgs/cmake/teleop_tools_msgs__rosidl_typesupport_introspection_cExport-noconfig.cmake
[3.985s] -- Up-to-date: /home/cav330/f1tenth_ws/install/teleop_tools_msgs/share/teleop_tools_msgs/cmake/teleop_tools_msgs__rosidl_typesupport_cExport.cmake
[3.987s] -- Up-to-date: /home/cav330/f1tenth_ws/install/teleop_tools_msgs/share/teleop_tools_msgs/cmake/teleop_tools_msgs__rosidl_typesupport_cExport-noconfig.cmake
[3.988s] -- Up-to-date: /home/cav330/f1tenth_ws/install/teleop_tools_msgs/share/teleop_tools_msgs/cmake/teleop_tools_msgs__rosidl_generator_cppExport.cmake
[3.992s] -- Up-to-date: /home/cav330/f1tenth_ws/install/teleop_tools_msgs/share/teleop_tools_msgs/cmake/teleop_tools_msgs__rosidl_typesupport_introspection_cppExport.cmake
[3.993s] -- Up-to-date: /home/cav330/f1tenth_ws/install/teleop_tools_msgs/share/teleop_tools_msgs/cmake/teleop_tools_msgs__rosidl_typesupport_introspection_cppExport-noconfig.cmake
[3.995s] -- Up-to-date: /home/cav330/f1tenth_ws/install/teleop_tools_msgs/share/teleop_tools_msgs/cmake/teleop_tools_msgs__rosidl_typesupport_cppExport.cmake
[3.995s] -- Up-to-date: /home/cav330/f1tenth_ws/install/teleop_tools_msgs/share/teleop_tools_msgs/cmake/teleop_tools_msgs__rosidl_typesupport_cppExport-noconfig.cmake
[3.996s] -- Up-to-date: /home/cav330/f1tenth_ws/install/teleop_tools_msgs/share/teleop_tools_msgs/cmake/rosidl_cmake-extras.cmake
[3.996s] -- Up-to-date: /home/cav330/f1tenth_ws/install/teleop_tools_msgs/share/teleop_tools_msgs/cmake/ament_cmake_export_dependencies-extras.cmake
[3.996s] -- Up-to-date: /home/cav330/f1tenth_ws/install/teleop_tools_msgs/share/teleop_tools_msgs/cmake/ament_cmake_export_libraries-extras.cmake
[4.002s] -- Up-to-date: /home/cav330/f1tenth_ws/install/teleop_tools_msgs/share/teleop_tools_msgs/cmake/ament_cmake_export_targets-extras.cmake
[4.002s] -- Up-to-date: /home/cav330/f1tenth_ws/install/teleop_tools_msgs/share/teleop_tools_msgs/cmake/ament_cmake_export_include_directories-extras.cmake
[4.003s] -- Up-to-date: /home/cav330/f1tenth_ws/install/teleop_tools_msgs/share/teleop_tools_msgs/cmake/rosidl_cmake_export_typesupport_libraries-extras.cmake
[4.005s] -- Up-to-date: /home/cav330/f1tenth_ws/install/teleop_tools_msgs/share/teleop_tools_msgs/cmake/rosidl_cmake_export_typesupport_targets-extras.cmake
[4.006s] -- Up-to-date: /home/cav330/f1tenth_ws/install/teleop_tools_msgs/share/teleop_tools_msgs/cmake/teleop_tools_msgsConfig.cmake
[4.008s] -- Up-to-date: /home/cav330/f1tenth_ws/install/teleop_tools_msgs/share/teleop_tools_msgs/cmake/teleop_tools_msgsConfig-version.cmake
[4.008s] -- Up-to-date: /home/cav330/f1tenth_ws/install/teleop_tools_msgs/share/teleop_tools_msgs/package.xml
[4.182s] Invoked command in '/home/cav330/f1tenth_ws/build/teleop_tools_msgs' returned '0': CMAKE_PREFIX_PATH=${CMAKE_PREFIX_PATH}:/home/cav330/f1tenth_ws/install/f1tenth_stack:/home/cav330/f1tenth_ws/install/joy_teleop:/home/cav330/f1tenth_ws/install/mouse_teleop:/home/cav330/f1tenth_ws/install/key_teleop:/home/cav330/f1tenth_ws/install/f1tenth_gym_ros:/opt/ros/foxy NX_CONNECTION=192.168.33.135 50807 192.168.33.130 4000 /usr/bin/cmake --install /home/cav330/f1tenth_ws/build/teleop_tools_msgs
